Component: ARM Compiler 5.06 update 7 (build 960) Tool: armlink [4d3601]

==============================================================================

Section Cross References

    startup_stm32f103xb.o(STACK) refers (Special) to heapauxi.o(.text) for __use_two_region_memory
    startup_stm32f103xb.o(HEAP) refers (Special) to heapauxi.o(.text) for __use_two_region_memory
    startup_stm32f103xb.o(RESET) refers (Special) to heapauxi.o(.text) for __use_two_region_memory
    startup_stm32f103xb.o(RESET) refers to startup_stm32f103xb.o(STACK) for __initial_sp
    startup_stm32f103xb.o(RESET) refers to startup_stm32f103xb.o(.text) for Reset_Handler
    startup_stm32f103xb.o(RESET) refers to stm32f1xx_it.o(i.NMI_Handler) for NMI_Handler
    startup_stm32f103xb.o(RESET) refers to stm32f1xx_it.o(i.HardFault_Handler) for HardFault_Handler
    startup_stm32f103xb.o(RESET) refers to stm32f1xx_it.o(i.MemManage_Handler) for MemManage_Handler
    startup_stm32f103xb.o(RESET) refers to stm32f1xx_it.o(i.BusFault_Handler) for BusFault_Handler
    startup_stm32f103xb.o(RESET) refers to stm32f1xx_it.o(i.UsageFault_Handler) for UsageFault_Handler
    startup_stm32f103xb.o(RESET) refers to stm32f1xx_it.o(i.SVC_Handler) for SVC_Handler
    startup_stm32f103xb.o(RESET) refers to stm32f1xx_it.o(i.DebugMon_Handler) for DebugMon_Handler
    startup_stm32f103xb.o(RESET) refers to stm32f1xx_it.o(i.PendSV_Handler) for PendSV_Handler
    startup_stm32f103xb.o(RESET) refers to stm32f1xx_it.o(i.SysTick_Handler) for SysTick_Handler
    startup_stm32f103xb.o(RESET) refers to stm32f1xx_it.o(i.EXTI2_IRQHandler) for EXTI2_IRQHandler
    startup_stm32f103xb.o(RESET) refers to stm32f1xx_it.o(i.EXTI9_5_IRQHandler) for EXTI9_5_IRQHandler
    startup_stm32f103xb.o(RESET) refers to stm32f1xx_it.o(i.USART3_IRQHandler) for USART3_IRQHandler
    startup_stm32f103xb.o(.text) refers (Special) to heapauxi.o(.text) for __use_two_region_memory
    startup_stm32f103xb.o(.text) refers to system_stm32f1xx.o(i.SystemInit) for SystemInit
    startup_stm32f103xb.o(.text) refers to __main.o(!!!main) for __main
    startup_stm32f103xb.o(.text) refers to startup_stm32f103xb.o(HEAP) for Heap_Mem
    startup_stm32f103xb.o(.text) refers to startup_stm32f103xb.o(STACK) for Stack_Mem
    oled.o(i.OLED_Clear) refers to oled.o(i.OLED_WR_CMD) for OLED_WR_CMD
    oled.o(i.OLED_Clear) refers to oled.o(i.OLED_WR_DATA) for OLED_WR_DATA
    oled.o(i.OLED_Display_Off) refers to oled.o(i.OLED_WR_CMD) for OLED_WR_CMD
    oled.o(i.OLED_Display_On) refers to oled.o(i.OLED_WR_CMD) for OLED_WR_CMD
    oled.o(i.OLED_Init) refers to stm32f1xx_hal.o(i.HAL_Delay) for HAL_Delay
    oled.o(i.OLED_Init) refers to oled.o(i.WriteCmd) for WriteCmd
    oled.o(i.OLED_On) refers to oled.o(i.OLED_WR_CMD) for OLED_WR_CMD
    oled.o(i.OLED_On) refers to oled.o(i.OLED_WR_DATA) for OLED_WR_DATA
    oled.o(i.OLED_Set_Pos) refers to oled.o(i.OLED_WR_CMD) for OLED_WR_CMD
    oled.o(i.OLED_ShowCHinese) refers to oled.o(i.OLED_Set_Pos) for OLED_Set_Pos
    oled.o(i.OLED_ShowCHinese) refers to oled.o(i.OLED_WR_DATA) for OLED_WR_DATA
    oled.o(i.OLED_ShowCHinese) refers to oled.o(.constdata) for .constdata
    oled.o(i.OLED_ShowChar) refers to oled.o(i.OLED_Set_Pos) for OLED_Set_Pos
    oled.o(i.OLED_ShowChar) refers to oled.o(i.OLED_WR_DATA) for OLED_WR_DATA
    oled.o(i.OLED_ShowChar) refers to oled.o(.constdata) for .constdata
    oled.o(i.OLED_ShowNum) refers to oled.o(i.oled_pow) for oled_pow
    oled.o(i.OLED_ShowNum) refers to oled.o(i.OLED_ShowChar) for OLED_ShowChar
    oled.o(i.OLED_ShowString) refers to oled.o(i.OLED_ShowChar) for OLED_ShowChar
    oled.o(i.OLED_WR_CMD) refers to stm32f1xx_hal_i2c.o(i.HAL_I2C_Mem_Write) for HAL_I2C_Mem_Write
    oled.o(i.OLED_WR_CMD) refers to i2c.o(.bss) for hi2c1
    oled.o(i.OLED_WR_DATA) refers to stm32f1xx_hal_i2c.o(i.HAL_I2C_Mem_Write) for HAL_I2C_Mem_Write
    oled.o(i.OLED_WR_DATA) refers to i2c.o(.bss) for hi2c1
    oled.o(i.WriteCmd) refers to stm32f1xx_hal_i2c.o(i.HAL_I2C_Mem_Write) for HAL_I2C_Mem_Write
    oled.o(i.WriteCmd) refers to oled.o(.data) for .data
    oled.o(i.WriteCmd) refers to i2c.o(.bss) for hi2c1
    iic.o(i.IIC_Ack) refers to stm32f1xx_hal_gpio.o(i.HAL_GPIO_WritePin) for HAL_GPIO_WritePin
    iic.o(i.IIC_Ack) refers to iic.o(i.IIC_Delay) for IIC_Delay
    iic.o(i.IIC_CheckDevice) refers to iic.o(i.IIC_GPIO_Init) for IIC_GPIO_Init
    iic.o(i.IIC_CheckDevice) refers to iic.o(i.IIC_Start) for IIC_Start
    iic.o(i.IIC_CheckDevice) refers to iic.o(i.IIC_Send_Byte) for IIC_Send_Byte
    iic.o(i.IIC_CheckDevice) refers to iic.o(i.IIC_Wait_Ack) for IIC_Wait_Ack
    iic.o(i.IIC_CheckDevice) refers to iic.o(i.IIC_Stop) for IIC_Stop
    iic.o(i.IIC_GPIO_Init) refers to stm32f1xx_hal_gpio.o(i.HAL_GPIO_Init) for HAL_GPIO_Init
    iic.o(i.IIC_GPIO_Init) refers to iic.o(i.IIC_Stop) for IIC_Stop
    iic.o(i.IIC_NAck) refers to stm32f1xx_hal_gpio.o(i.HAL_GPIO_WritePin) for HAL_GPIO_WritePin
[...]
    x$fpl$fadd                               0x08005d18   Section      196  faddsub_clz.o(x$fpl$fadd)
    _fadd1                                   0x08005d27   Thumb Code     0  faddsub_clz.o(x$fpl$fadd)
    x$fpl$fcheck1                            0x08005ddc   Section       12  fcheck1.o(x$fpl$fcheck1)
    x$fpl$fdiv                               0x08005de8   Section      388  fdiv.o(x$fpl$fdiv)
    _fdiv1                                   0x08005de9   Thumb Code     0  fdiv.o(x$fpl$fdiv)
    x$fpl$ffix                               0x08005f6c   Section       54  ffix.o(x$fpl$ffix)
    x$fpl$ffixu                              0x08005fa4   Section       62  ffixu.o(x$fpl$ffixu)
    x$fpl$fflt                               0x08005fe4   Section       48  fflt_clz.o(x$fpl$fflt)
    x$fpl$ffltu                              0x08006014   Section       38  fflt_clz.o(x$fpl$ffltu)
    x$fpl$fmul                               0x0800603c   Section      258  fmul.o(x$fpl$fmul)
    x$fpl$fnaninf                            0x0800613e   Section      140  fnaninf.o(x$fpl$fnaninf)
    x$fpl$fretinf                            0x080061ca   Section       10  fretinf.o(x$fpl$fretinf)
    x$fpl$fsub                               0x080061d4   Section      234  faddsub_clz.o(x$fpl$fsub)
    _fsub1                                   0x080061e3   Thumb Code     0  faddsub_clz.o(x$fpl$fsub)
    x$fpl$retnan                             0x080062be   Section      100  retnan.o(x$fpl$retnan)
    x$fpl$scalbn                             0x08006322   Section       92  scalbn.o(x$fpl$scalbn)
    x$fpl$scalbnf                            0x0800637e   Section       76  scalbnf.o(x$fpl$scalbnf)
    x$fpl$trapveneer                         0x080063ca   Section       48  trapv.o(x$fpl$trapveneer)
    .constdata                               0x080063fa   Section       27  inv_mpu.o(.constdata)
    x$fpl$usenofp                            0x080063fa   Section        0  usenofp.o(x$fpl$usenofp)
    .constdata                               0x08006416   Section       12  inv_mpu.o(.constdata)
    .constdata                               0x08006424   Section       40  inv_mpu.o(.constdata)
    .constdata                               0x0800644c   Section     3062  inv_mpu_dmp_motion_driver.o(.constdata)
    dmp_memory                               0x0800644c   Data        3062  inv_mpu_dmp_motion_driver.o(.constdata)
    .constdata                               0x08007042   Section       18  stm32f1xx_hal_rcc.o(.constdata)
    aPredivFactorTable                       0x08007042   Data           2  stm32f1xx_hal_rcc.o(.constdata)
    aPLLMULFactorTable                       0x08007044   Data          16  stm32f1xx_hal_rcc.o(.constdata)
    .constdata                               0x08007054   Section       16  system_stm32f1xx.o(.constdata)
    .constdata                               0x08007064   Section        8  system_stm32f1xx.o(.constdata)
    .constdata                               0x08007070   Section       80  asin.o(.constdata)
    pS                                       0x08007070   Data          48  asin.o(.constdata)
    qS                                       0x080070a0   Data          32  asin.o(.constdata)
    .constdata                               0x080070c0   Section      152  atan.o(.constdata)
    atanhi                                   0x080070c0   Data          32  atan.o(.constdata)
    atanlo                                   0x080070e0   Data          32  atan.o(.constdata)
    aTodd                                    0x08007100   Data          40  atan.o(.constdata)
    aTeven                                   0x08007128   Data          48  atan.o(.constdata)
    .constdata                               0x08007158   Section        8  qnan.o(.constdata)
    .data                                    0x20000000   Section       53  inv_mpu.o(.data)
    st                                       0x20000000   Data          44  inv_mpu.o(.data)
    gyro_orientation                         0x2000002c   Data           9  inv_mpu.o(.data)
    .data                                    0x20000038   Section        8  sr04.o(.data)
    .data                                    0x20000040   Section      204  pid.o(.data)
    Err_LowOut_last                          0x200000a0   Data           4  pid.o(.data)
    Encoder_S                                0x200000a4   Data           4  pid.o(.data)
    a                                        0x200000a8   Data           4  pid.o(.data)
    .data                                    0x2000010c   Section        7  stm32f1xx_it.o(.data)
    .data                                    0x20000114   Section       12  stm32f1xx_hal.o(.data)
    .data                                    0x20000120   Section        4  system_stm32f1xx.o(.data)
    .bss                                     0x20000124   Section       16  inv_mpu_dmp_motion_driver.o(.bss)
    dmp                                      0x20000124   Data          16  inv_mpu_dmp_motion_driver.o(.bss)
    .bss                                     0x20000134   Section       84  i2c.o(.bss)
    .bss                                     0x20000188   Section      288  tim.o(.bss)
    .bss                                     0x200002a8   Section       72  usart.o(.bss)
    .bss                                     0x200002f0   Section       96  libspace.o(.bss)
    HEAP                                     0x20000350   Section      512  startup_stm32f103xb.o(HEAP)
    Heap_Mem                                 0x20000350   Data         512  startup_stm32f103xb.o(HEAP)
    STACK                                    0x20000550   Section     1024  startup_stm32f103xb.o(STACK)
    Stack_Mem                                0x20000550   Data        1024  startup_stm32f103xb.o(STACK)
    __initial_sp                             0x20000950   Data           0  startup_stm32f103xb.o(STACK)

    Global Symbols

    Symbol Name                              Value     Ov Type        Size  Object(Section)

    BuildAttributes$$THM_ISAv4$P$D$K$B$S$PE$A:L22UL41UL21$X:L11$S22US41US21$IEEE1$IW$USESV6$~STKCKD$USESV7$~SHL$OTIME$ROPI$IEEEX$EBA8$UX$STANDARDLIB$REQ8$PRES8$EABIv2 0x00000000   Number         0  anon$$obj.o ABSOLUTE
    __ARM_use_no_argv                        0x00000000   Number         0  main.o ABSOLUTE
    __ARM_exceptions_init                     - Undefined Weak Reference
    __alloca_initialize                       - Undefined Weak Reference
    __arm_fini_                               - Undefined Weak Reference
    __arm_preinit_                            - Undefined Weak Reference
    __cpp_initialize__aeabi_                  - Undefined Weak Reference
    __cxa_finalize                            - Undefined Weak Reference
    __rt_locale                               - Undefined Weak Reference
    __sigvec_lookup                           - Undefined Weak Reference
    _atexit_init                              - Undefined Weak Reference
    _call_atexit_fns                          - Undefined Weak Reference
    _clock_init                               - Undefined Weak Reference
    _fp_trap_init                             - Undefined Weak Reference
    _fp_trap_shutdown                         - Undefined Weak Reference
    _get_lc_collate                           - Undefined Weak Reference
    _get_lc_ctype                             - Undefined Weak Reference
    _get_lc_monetary                          - Undefined Weak Reference
    _get_lc_numeric                           - Undefined Weak Reference
    _get_lc_time                              - Undefined Weak Reference
    _getenv_init                              - Undefined Weak Reference
    _handle_redirection                       - Undefined Weak Reference
    _init_alloc                               - Undefined Weak Reference
    _init_user_alloc                          - Undefined Weak Reference
    _initio                                   - Undefined Weak Reference
    _rand_init                                - Undefined Weak Reference
    _signal_finish                            - Undefined Weak Reference
    _signal_init                              - Undefined Weak Reference
    _terminate_alloc                          - Undefined Weak Reference
    _terminate_user_alloc                     - Undefined Weak Reference
    _terminateio                              - Undefined Weak Reference
    __Vectors_Size                           0x000000ec   Number         0  startup_stm32f103xb.o ABSOLUTE
    __Vectors                                0x08000000   Data           4  startup_stm32f103xb.o(RESET)
    __Vectors_End                            0x080000ec   Data           0  startup_stm32f103xb.o(RESET)
    __main                                   0x080000ed   Thumb Code     8  __main.o(!!!main)
    __scatterload                            0x080000f5   Thumb Code     0  __scatter.o(!!!scatter)
    __scatterload_rt2                        0x080000f5   Thumb Code    44  __scatter.o(!!!scatter)
    __scatterload_rt2_thumb_only             0x080000f5   Thumb Code     0  __scatter.o(!!!scatter)
    __scatterload_null                       0x08000103   Thumb Code     0  __scatter.o(!!!scatter)
    __scatterload_copy                       0x08000129   Thumb Code    26  __scatter_copy.o(!!handler_copy)
    __scatterload_zeroinit                   0x08000145   Thumb Code    28  __scatter_zi.o(!!handler_zi)
    __rt_lib_init                            0x08000161   Thumb Code     0  libinit.o(.ARM.Collect$$libinit$$00000000)
    __rt_lib_init_alloca_1                   0x08000163   Thumb Code     0  libinit2.o(.ARM.Collect$$libinit$$0000002E)
    __rt_lib_init_argv_1                     0x08000163   Thumb Code     0  libinit2.o(.ARM.Collect$$libinit$$0000002C)
    __rt_lib_init_atexit_1                   0x08000163   Thumb Code     0  libinit2.o(.ARM.Collect$$libinit$$0000001B)
    __rt_lib_init_clock_1                    0x08000163   Thumb Code     0  libinit2.o(.ARM.Collect$$libinit$$00000021)
    __rt_lib_init_cpp_1                      0x08000163   Thumb Code     0  libinit2.o(.ARM.Collect$$libinit$$00000032)
    __rt_lib_init_exceptions_1               0x08000163   Thumb Code     0  libinit2.o(.ARM.Collect$$libinit$$00000030)
    __rt_lib_init_fp_1                       0x08000163   Thumb Code     0  libinit2.o(.ARM.Collect$$libinit$$00000002)
    __rt_lib_init_fp_trap_1                  0x08000163   Thumb Code     0  libinit2.o(.ARM.Collect$$libinit$$0000001F)
    __rt_lib_init_getenv_1                   0x08000163   Thumb Code     0  libinit2.o(.ARM.Collect$$libinit$$00000023)
    __rt_lib_init_heap_1                     0x08000163   Thumb Code     0  libinit2.o(.ARM.Collect$$libinit$$0000000A)
    __rt_lib_init_lc_collate_1               0x08000163   Thumb Code     0  libinit2.o(.ARM.Collect$$libinit$$00000011)
    __rt_lib_init_lc_ctype_1                 0x08000163   Thumb Code     0  libinit2.o(.ARM.Collect$$libinit$$00000013)
    __rt_lib_init_lc_monetary_1              0x08000163   Thumb Code     0  libinit2.o(.ARM.Collect$$libinit$$00000015)
    __rt_lib_init_lc_numeric_1               0x08000163   Thumb Code     0  libinit2.o(.ARM.Collect$$libinit$$00000017)
    __rt_lib_init_lc_time_1                  0x08000163   Thumb Code     0  libinit2.o(.ARM.Collect$$libinit$$00000019)
    __rt_lib_init_preinit_1                  0x08000163   Thumb Code     0  libinit2.o(.ARM.Collect$$libinit$$00000004)
    __rt_lib_init_rand_1                     0x08000163   Thumb Code     0  libinit2.o(.ARM.Collect$$libinit$$0000000E)
    __rt_lib_init_return                     0x08000163   Thumb Code     0  libinit2.o(.ARM.Collect$$libinit$$00000033)
    __rt_lib_init_signal_1                   0x08000163   Thumb Code     0  libinit2.o(.ARM.Collect$$libinit$$0000001D)
    __rt_lib_init_stdio_1                    0x08000163   Thumb Code     0  libinit2.o(.ARM.Collect$$libinit$$00000025)
    __rt_lib_init_user_alloc_1               0x08000163   Thumb Code     0  libinit2.o(.ARM.Collect$$libinit$$0000000C)
    __rt_lib_shutdown                        0x08000165   Thumb Code     0  libshutdown.o(.ARM.Collect$$libshutdown$$00000000)
    __rt_lib_shutdown_cpp_1                  0x08000167   Thumb Code     0  libshutdown2.o(.ARM.Collect$$libshutdown$$00000004)
    __rt_lib_shutdown_fini_1                 0x08000167   Thumb Code     0  libshutdown2.o(.ARM.Collect$$libshutdown$$00000002)
    __rt_lib_shutdown_fp_trap_1              0x08000167   Thumb Code     0  libshutdown2.o(.ARM.Collect$$libshutdown$$00000009)
    __rt_lib_shutdown_heap_1                 0x08000167   Thumb Code     0  libshutdown2.o(.ARM.Collect$$libshutdown$$00000011)
    __rt_lib_shutdown_return                 0x08000167   Thumb Code     0  libshutdown2.o(.ARM.Collect$$libshutdown$$00000012)
    __rt_lib_shutdown_signal_1               0x08000167   Thumb Code     0  libshutdown2.o(.ARM.Collect$$libshutdown$$0000000C)
    __rt_lib_shutdown_stdio_1                0x08000167   Thumb Code     0  libshutdown2.o(.ARM.Collect$$libshutdown$$00000006)
    __rt_lib_shutdown_user_alloc_1           0x08000167   Thumb Code     0  libshutdown2.o(.ARM.Collect$$libshutdown$$0000000E)
    __rt_entry                               0x08000169   Thumb Code     0  __rtentry.o(.ARM.Collect$$rtentry$$00000000)
    __rt_entry_presh_1                       0x08000169   Thumb Code     0  __rtentry2.o(.ARM.Collect$$rtentry$$00000002)
    __rt_entry_sh                            0x08000169   Thumb Code     0  __rtentry4.o(.ARM.Collect$$rtentry$$00000004)
    __rt_entry_li                            0x0800016f   Thumb Code     0  __rtentry2.o(.ARM.Collect$$rtentry$$0000000A)
    __rt_entry_postsh_1                      0x0800016f   Thumb Code     0  __rtentry2.o(.ARM.Collect$$rtentry$$00000009)
    __rt_entry_main                          0x08000173   Thumb Code     0  __rtentry2.o(.ARM.Collect$$rtentry$$0000000D)
    __rt_entry_postli_1                      0x08000173   Thumb Code     0  __rtentry2.o(.ARM.Collect$$rtentry$$0000000C)
    __rt_exit                                0x0800017b   Thumb Code     0  rtexit.o(.ARM.Collect$$rtexit$$00000000)
    __rt_exit_ls                             0x0800017d   Thumb Code     0  rtexit2.o(.ARM.Collect$$rtexit$$00000003)
    __rt_exit_prels_1                        0x0800017d   Thumb Code     0  rtexit2.o(.ARM.Collect$$rtexit$$00000002)
    __rt_exit_exit                           0x08000181   Thumb Code     0  rtexit2.o(.ARM.Collect$$rtexit$$00000004)
    Reset_Handler                            0x08000189   Thumb Code     8  startup_stm32f103xb.o(.text)
    ADC1_2_IRQHandler                        0x080001a3   Thumb Code     0  startup_stm32f103xb.o(.text)
    CAN1_RX1_IRQHandler                      0x080001a3   Thumb Code     0  startup_stm32f103xb.o(.text)
    CAN1_SCE_IRQHandler                      0x080001a3   Thumb Code     0  startup_stm32f103xb.o(.text)
    DMA1_Channel1_IRQHandler                 0x080001a3   Thumb Code     0  startup_stm32f103xb.o(.text)
    DMA1_Channel2_IRQHandler                 0x080001a3   Thumb Code     0  startup_stm32f103xb.o(.text)
    DMA1_Channel3_IRQHandler                 0x080001a3   Thumb Code     0  startup_stm32f103xb.o(.text)
    DMA1_Channel4_IRQHandler                 0x080001a3   Thumb Code     0  startup_stm32f103xb.o(.text)
    DMA1_Channel5_IRQHandler                 0x080001a3   Thumb Code     0  startup_stm32f103xb.o(.text)
    DMA1_Channel6_IRQHandler                 0x080001a3   Thumb Code     0  startup_stm32f103xb.o(.text)
    DMA1_Channel7_IRQHandler                 0x080001a3   Thumb Code     0  startup_stm32f103xb.o(.text)
    EXTI0_IRQHandler                         0x080001a3   Thumb Code     0  startup_stm32f103xb.o(.text)
    EXTI15_10_IRQHandler                     0x080001a3   Thumb Code     0  startup_stm32f103xb.o(.text)
    EXTI1_IRQHandler                         0x080001a3   Thumb Code     0  startup_stm32f103xb.o(.text)
    EXTI3_IRQHandler                         0x080001a3   Thumb Code     0  startup_stm32f103xb.o(.text)
    EXTI4_IRQHandler                         0x080001a3   Thumb Code     0  startup_stm32f103xb.o(.text)
    FLASH_IRQHandler                         0x080001a3   Thumb Code     0  startup_stm32f103xb.o(.text)
    I2C1_ER_IRQHandler                       0x080001a3   Thumb Code     0  startup_stm32f103xb.o(.text)
    I2C1_EV_IRQHandler                       0x080001a3   Thumb Code     0  startup_stm32f103xb.o(.text)
    I2C2_ER_IRQHandler                       0x080001a3   Thumb Code     0  startup_stm32f103xb.o(.text)
    I2C2_EV_IRQHandler                       0x080001a3   Thumb Code     0  startup_stm32f103xb.o(.text)
    PVD_IRQHandler                           0x080001a3   Thumb Code     0  startup_stm32f103xb.o(.text)
    RCC_IRQHandler                           0x080001a3   Thumb Code     0  startup_stm32f103xb.o(.text)
    RTC_Alarm_IRQHandler                     0x080001a3   Thumb Code     0  startup_stm32f103xb.o(.text)
    RTC_IRQHandler                           0x080001a3   Thumb Code     0  startup_stm32f103xb.o(.text)
    SPI1_IRQHandler                          0x080001a3   Thumb Code     0  startup_stm32f103xb.o(.text)
    SPI2_IRQHandler                          0x080001a3   Thumb Code     0  startup_stm32f103xb.o(.text)
    TAMPER_IRQHandler                        0x080001a3   Thumb Code     0  startup_stm32f103xb.o(.text)
    TIM1_BRK_IRQHandler                      0x080001a3   Thumb Code     0  startup_stm32f103xb.o(.text)
    TIM1_CC_IRQHandler                       0x080001a3   Thumb Code     0  startup_stm32f103xb.o(.text)
    TIM1_TRG_COM_IRQHandler                  0x080001a3   Thumb Code     0  startup_stm32f103xb.o(.text)
    TIM1_UP_IRQHandler                       0x080001a3   Thumb Code     0  startup_stm32f103xb.o(.text)
    TIM2_IRQHandler                          0x080001a3   Thumb Code     0  startup_stm32f103xb.o(.text)
    TIM3_IRQHandler                          0x080001a3   Thumb Code     0  startup_stm32f103xb.o(.text)
    TIM4_IRQHandler                          0x080001a3   Thumb Code     0  startup_stm32f103xb.o(.text)
    USART1_IRQHandler                        0x080001a3   Thumb Code     0  startup_stm32f103xb.o(.text)
    USART2_IRQHandler                        0x080001a3   Thumb Code     0  startup_stm32f103xb.o(.text)
    USBWakeUp_IRQHandler                     0x080001a3   Thumb Code     0  startup_stm32f103xb.o(.text)
    USB_HP_CAN1_TX_IRQHandler                0x080001a3   Thumb Code     0  startup_stm32f103xb.o(.text)
    USB_LP_CAN1_RX0_IRQHandler               0x080001a3   Thumb Code     0  startup_stm32f103xb.o(.text)
    WWDG_IRQHandler                          0x080001a3   Thumb Code     0  startup_stm32f103xb.o(.text)
    __user_initial_stackheap                 0x080001a5   Thumb Code     0  startup_stm32f103xb.o(.text)
    __aeabi_ldivmod                          0x080001c9   Thumb Code     0  llsdiv.o(.text)
    _ll_sdiv                                 0x080001c9   Thumb Code    72  llsdiv.o(.text)
    memcmp                                   0x08000211   Thumb Code    88  memcmp.o(.text)
    __aeabi_memset                           0x08000269   Thumb Code    16  aeabi_memset.o(.text)
    __aeabi_memclr4                          0x08000279   Thumb Code     0  rt_memclr_w.o(.text)
    __aeabi_memclr8                          0x08000279   Thumb Code     0  rt_memclr_w.o(.text)
    __rt_memclr_w                            0x08000279   Thumb Code    78  rt_memclr_w.o(.text)
    _memset_w                                0x0800027d   Thumb Code     0  rt_memclr_w.o(.text)
    __use_two_region_memory                  0x080002c7   Thumb Code     2  heapauxi.o(.text)
    __rt_heap_escrow$2region                 0x080002c9   Thumb Code     2  heapauxi.o(.text)
    __rt_heap_expand$2region                 0x080002cb   Thumb Code     2  heapauxi.o(.text)
    __aeabi_uldivmod                         0x080002cd   Thumb Code     0  lludivv7m.o(.text)
    _ll_udiv                                 0x080002cd   Thumb Code   238  lludivv7m.o(.text)
    __read_errno                             0x080003bb   Thumb Code    10  _rserrno.o(.text)
    __set_errno                              0x080003c5   Thumb Code    12  _rserrno.o(.text)
    __aeabi_memclr                           0x080003d1   Thumb Code     0  rt_memclr.o(.text)
    __rt_memclr                              0x080003d1   Thumb Code    68  rt_memclr.o(.text)
    _memset                                  0x080003d5   Thumb Code     0  rt_memclr.o(.text)
    __aeabi_errno_addr                       0x08000415   Thumb Code     8  rt_errno_addr_intlibspace.o(.text)
    __errno$intlibspace                      0x08000415   Thumb Code     0  rt_errno_addr_intlibspace.o(.text)
    __rt_errno_addr$intlibspace              0x08000415   Thumb Code     0  rt_errno_addr_intlibspace.o(.text)
    __user_libspace                          0x0800041d   Thumb Code     8  libspace.o(.text)
    __user_perproc_libspace                  0x0800041d   Thumb Code     0  libspace.o(.text)
    __user_perthread_libspace                0x0800041d   Thumb Code     0  libspace.o(.text)
    __user_setup_stackheap                   0x08000425   Thumb Code    74  sys_stackheap_outer.o(.text)
    exit                                     0x0800046f   Thumb Code    18  exit.o(.text)
    _sys_exit                                0x08000481   Thumb Code     8  sys_exit.o(.text)
    __I$use$semihosting                      0x0800048d   Thumb Code     0  use_no_semi.o(.text)
    __use_no_semihosting_swi                 0x0800048d   Thumb Code     2  use_no_semi.o(.text)
    BusFault_Handler                         0x0800048f   Thumb Code     2  stm32f1xx_it.o(i.BusFault_Handler)
    __semihosting_library_function           0x0800048f   Thumb Code     0  indicate_semi.o(.text)
    DebugMon_Handler                         0x08000491   Thumb Code     2  stm32f1xx_it.o(i.DebugMon_Handler)
    EXTI2_IRQHandler                         0x08000493   Thumb Code     6  stm32f1xx_it.o(i.EXTI2_IRQHandler)
    EXTI9_5_IRQHandler                       0x08000499   Thumb Code     6  stm32f1xx_it.o(i.EXTI9_5_IRQHandler)
    Error_Handler                            0x0800049f   Thumb Code     4  main.o(i.Error_Handler)
    Get_Velocity_Form_Encoder                0x080004a5   Thumb Code   164  pid.o(i.Get_Velocity_Form_Encoder)
    HAL_DMA_Abort                            0x08000565   Thumb Code    70  stm32f1xx_hal_dma.o(i.HAL_DMA_Abort)
    HAL_DMA_Abort_IT                         0x080005ad   Thumb Code   148  stm32f1xx_hal_dma.o(i.HAL_DMA_Abort_IT)
    HAL_Delay                                0x08000645   Thumb Code    32  stm32f1xx_hal.o(i.HAL_Delay)
    HAL_GPIO_EXTI_Callback                   0x08000669   Thumb Code    84  sr04.o(i.HAL_GPIO_EXTI_Callback)
    HAL_GPIO_EXTI_IRQHandler                 0x080006d1   Thumb Code    18  stm32f1xx_hal_gpio.o(i.HAL_GPIO_EXTI_IRQHandler)
    HAL_GPIO_Init                            0x080006e9   Thumb Code   446  stm32f1xx_hal_gpio.o(i.HAL_GPIO_Init)
    HAL_GPIO_ReadPin                         0x080008c9   Thumb Code    10  stm32f1xx_hal_gpio.o(i.HAL_GPIO_ReadPin)
    HAL_GPIO_WritePin                        0x080008d3   Thumb Code    10  stm32f1xx_hal_gpio.o(i.HAL_GPIO_WritePin)
    HAL_GetTick                              0x080008dd   Thumb Code     6  stm32f1xx_hal.o(i.HAL_GetTick)
    HAL_I2C_Init                             0x080008e9   Thumb Code   376  stm32f1xx_hal_i2c.o(i.HAL_I2C_Init)
    HAL_I2C_MspInit                          0x08000a71   Thumb Code    96  i2c.o(i.HAL_I2C_MspInit)
    HAL_IncTick                              0x08000ae1   Thumb Code    12  stm32f1xx_hal.o(i.HAL_IncTick)
    HAL_Init                                 0x08000af1   Thumb Code    32  stm32f1xx_hal.o(i.HAL_Init)
    HAL_InitTick                             0x08000b15   Thumb Code    54  stm32f1xx_hal.o(i.HAL_InitTick)
    HAL_MspInit                              0x08000b55   Thumb Code    52  stm32f1xx_hal_msp.o(i.HAL_MspInit)
    HAL_NVIC_EnableIRQ                       0x08000b91   Thumb Code    26  stm32f1xx_hal_cortex.o(i.HAL_NVIC_EnableIRQ)
    HAL_NVIC_SetPriority                     0x08000bad   Thumb Code    60  stm32f1xx_hal_cortex.o(i.HAL_NVIC_SetPriority)
    HAL_NVIC_SetPriorityGrouping             0x08000bed   Thumb Code    26  stm32f1xx_hal_cortex.o(i.HAL_NVIC_SetPriorityGrouping)
    HAL_RCC_ClockConfig                      0x08000c11   Thumb Code   280  stm32f1xx_hal_rcc.o(i.HAL_RCC_ClockConfig)
    HAL_RCC_GetPCLK1Freq                     0x08000d3d   Thumb Code    20  stm32f1xx_hal_rcc.o(i.HAL_RCC_GetPCLK1Freq)
    HAL_RCC_GetPCLK2Freq                     0x08000d5d   Thumb Code    20  stm32f1xx_hal_rcc.o(i.HAL_RCC_GetPCLK2Freq)
    HAL_RCC_GetSysClockFreq                  0x08000d7d   Thumb Code    58  stm32f1xx_hal_rcc.o(i.HAL_RCC_GetSysClockFreq)
    HAL_RCC_OscConfig                        0x08000dc9   Thumb Code   778  stm32f1xx_hal_rcc.o(i.HAL_RCC_OscConfig)
    HAL_SYSTICK_Config                       0x080010e9   Thumb Code    40  stm32f1xx_hal_cortex.o(i.HAL_SYSTICK_Config)
    HAL_TIMEx_ConfigBreakDeadTime            0x08001111   Thumb Code    84  stm32f1xx_hal_tim_ex.o(i.HAL_TIMEx_ConfigBreakDeadTime)
    HAL_TIMEx_MasterConfigSynchronization    0x08001165   Thumb Code    92  stm32f1xx_hal_tim_ex.o(i.HAL_TIMEx_MasterConfigSynchronization)
    HAL_TIM_Base_Init                        0x080011cd   Thumb Code    90  stm32f1xx_hal_tim.o(i.HAL_TIM_Base_Init)
    HAL_TIM_Base_MspInit                     0x08001229   Thumb Code    30  tim.o(i.HAL_TIM_Base_MspInit)
    HAL_TIM_Base_Start                       0x08001251   Thumb Code    66  stm32f1xx_hal_tim.o(i.HAL_TIM_Base_Start)
    HAL_TIM_Base_Stop                        0x080012a1   Thumb Code    38  stm32f1xx_hal_tim.o(i.HAL_TIM_Base_Stop)
    HAL_TIM_ConfigClockSource                0x080012c7   Thumb Code   220  stm32f1xx_hal_tim.o(i.HAL_TIM_ConfigClockSource)
    HAL_TIM_Encoder_Init                     0x080013a3   Thumb Code   164  stm32f1xx_hal_tim.o(i.HAL_TIM_Encoder_Init)
    HAL_TIM_Encoder_MspInit                  0x08001449   Thumb Code   122  tim.o(i.HAL_TIM_Encoder_MspInit)
    HAL_TIM_Encoder_Start                    0x080014d5   Thumb Code   142  stm32f1xx_hal_tim.o(i.HAL_TIM_Encoder_Start)
    HAL_TIM_MspPostInit                      0x08001565   Thumb Code    64  tim.o(i.HAL_TIM_MspPostInit)
    HAL_TIM_PWM_ConfigChannel                0x080015b1   Thumb Code   204  stm32f1xx_hal_tim.o(i.HAL_TIM_PWM_ConfigChannel)
    HAL_TIM_PWM_Init                         0x0800167d   Thumb Code    90  stm32f1xx_hal_tim.o(i.HAL_TIM_PWM_Init)
    HAL_TIM_PWM_MspInit                      0x080016d9   Thumb Code    30  tim.o(i.HAL_TIM_PWM_MspInit)
    HAL_TIM_PWM_Start                        0x08001701   Thumb Code   144  stm32f1xx_hal_tim.o(i.HAL_TIM_PWM_Start)
    HAL_UARTEx_RxEventCallback               0x0800179d   Thumb Code     2  stm32f1xx_hal_uart.o(i.HAL_UARTEx_RxEventCallback)
    HAL_UART_ErrorCallback                   0x0800179f   Thumb Code     2  stm32f1xx_hal_uart.o(i.HAL_UART_ErrorCallback)
    HAL_UART_IRQHandler                      0x080017a1   Thumb Code   616  stm32f1xx_hal_uart.o(i.HAL_UART_IRQHandler)
    HAL_UART_Init                            0x08001a0d   Thumb Code   100  stm32f1xx_hal_uart.o(i.HAL_UART_Init)
    HAL_UART_MspInit                         0x08001a71   Thumb Code   116  usart.o(i.HAL_UART_MspInit)
    HAL_UART_Receive_IT                      0x08001af1   Thumb Code    28  stm32f1xx_hal_uart.o(i.HAL_UART_Receive_IT)
    HAL_UART_RxCpltCallback                  0x08001b0d   Thumb Code     2  stm32f1xx_hal_uart.o(i.HAL_UART_RxCpltCallback)
    HAL_UART_TxCpltCallback                  0x08001b0f   Thumb Code     2  stm32f1xx_hal_uart.o(i.HAL_UART_TxCpltCallback)
    HardFault_Handler                        0x08001b11   Thumb Code     2  stm32f1xx_it.o(i.HardFault_Handler)
    IIC_Ack                                  0x08001b15   Thumb Code    60  iic.o(i.IIC_Ack)
    IIC_GPIO_Init                            0x08001b61   Thumb Code    50  iic.o(i.IIC_GPIO_Init)
    IIC_NAck                                 0x08001b9d   Thumb Code    50  iic.o(i.IIC_NAck)
    IIC_Read_Byte                            0x08001bd5   Thumb Code    84  iic.o(i.IIC_Read_Byte)
    IIC_Send_Byte                            0x08001c2d   Thumb Code    86  iic.o(i.IIC_Send_Byte)
    IIC_Start                                0x08001c89   Thumb Code    60  iic.o(i.IIC_Start)
    IIC_Stop                                 0x08001cc9   Thumb Code    42  iic.o(i.IIC_Stop)
    IIC_Wait_Ack                             0x08001cf9   Thumb Code    66  iic.o(i.IIC_Wait_Ack)
    LQR_Control                              0x08001d41   Thumb Code   656  pid.o(i.LQR_Control)
    Load                                     0x08002009   Thumb Code   116  motor.o(i.Load)
    MPU_Get_Accelerometer                    0x08002085   Thumb Code    50  mpu6050.o(i.MPU_Get_Accelerometer)
    MPU_Get_Gyroscope                        0x080020b7   Thumb Code    50  mpu6050.o(i.MPU_Get_Gyroscope)
    MPU_Init                                 0x080020e9   Thumb Code   118  mpu6050.o(i.MPU_Init)
    MPU_Read_Byte                            0x0800215f   Thumb Code    58  mpu6050.o(i.MPU_Read_Byte)
    MPU_Read_Len                             0x08002199   Thumb Code   108  mpu6050.o(i.MPU_Read_Len)
    MPU_Set_Accel_Fsr                        0x08002205   Thumb Code    10  mpu6050.o(i.MPU_Set_Accel_Fsr)
    MPU_Set_Gyro_Fsr                         0x0800220f   Thumb Code    10  mpu6050.o(i.MPU_Set_Gyro_Fsr)
    MPU_Set_LPF                              0x08002219   Thumb Code    48  mpu6050.o(i.MPU_Set_LPF)
    MPU_Set_Rate                             0x08002249   Thumb Code    46  mpu6050.o(i.MPU_Set_Rate)
    MPU_Write_Byte                           0x08002277   Thumb Code    60  mpu6050.o(i.MPU_Write_Byte)
    MPU_Write_Len                            0x080022b3   Thumb Code    82  mpu6050.o(i.MPU_Write_Len)
    MX_GPIO_Init                             0x08002305   Thumb Code   210  gpio.o(i.MX_GPIO_Init)
    MX_I2C1_Init                             0x080023ed   Thumb Code    50  i2c.o(i.MX_I2C1_Init)
    MX_TIM1_Init                             0x0800242d   Thumb Code   172  tim.o(i.MX_TIM1_Init)
    MX_TIM2_Init                             0x080024e1   Thumb Code   100  tim.o(i.MX_TIM2_Init)
    MX_TIM3_Init                             0x08002549   Thumb Code    94  tim.o(i.MX_TIM3_Init)
    MX_TIM4_Init                             0x080025b1   Thumb Code    98  tim.o(i.MX_TIM4_Init)
    MX_USART3_UART_Init                      0x0800261d   Thumb Code    48  usart.o(i.MX_USART3_UART_Init)
    MemManage_Handler                        0x08002655   Thumb Code     2  stm32f1xx_it.o(i.MemManage_Handler)
    NMI_Handler                              0x08002657   Thumb Code     2  stm32f1xx_it.o(i.NMI_Handler)
    PWM_Limit                                0x08002659   Thumb Code    14  pid.o(i.PWM_Limit)
    PendSV_Handler                           0x08002667   Thumb Code     2  stm32f1xx_it.o(i.PendSV_Handler)
    Read_Speed                               0x08002669   Thumb Code    12  encoder.o(i.Read_Speed)
    SVC_Handler                              0x08002675   Thumb Code     2  stm32f1xx_it.o(i.SVC_Handler)
    SysTick_Handler                          0x08002677   Thumb Code     4  stm32f1xx_it.o(i.SysTick_Handler)
    SystemClock_Config                       0x0800267b   Thumb Code    94  main.o(i.SystemClock_Config)
    SystemInit                               0x080026d9   Thumb Code     2  system_stm32f1xx.o(i.SystemInit)
    TIM_Base_SetConfig                       0x080026dd   Thumb Code    94  stm32f1xx_hal_tim.o(i.TIM_Base_SetConfig)
    TIM_CCxChannelCmd                        0x08002749   Thumb Code    26  stm32f1xx_hal_tim.o(i.TIM_CCxChannelCmd)
    TIM_ETR_SetConfig                        0x08002763   Thumb Code    20  stm32f1xx_hal_tim.o(i.TIM_ETR_SetConfig)
    TIM_OC2_SetConfig                        0x080027d9   Thumb Code    84  stm32f1xx_hal_tim.o(i.TIM_OC2_SetConfig)
    UART_Start_Receive_IT                    0x08002aed   Thumb Code    54  stm32f1xx_hal_uart.o(i.UART_Start_Receive_IT)
    USART3_IRQHandler                        0x08002b25   Thumb Code    88  stm32f1xx_it.o(i.USART3_IRQHandler)
    UsageFault_Handler                       0x08002b85   Thumb Code     2  stm32f1xx_it.o(i.UsageFault_Handler)
    __ARM_fpclassify                         0x08002b87   Thumb Code    40  fpclassify.o(i.__ARM_fpclassify)
    __kernel_poly                            0x08002bcf   Thumb Code   170  poly.o(i.__kernel_poly)
    __mathlib_dbl_infnan                     0x08002c79   Thumb Code     6  dunder.o(i.__mathlib_dbl_infnan)
    __mathlib_dbl_infnan2                    0x08002c7f   Thumb Code     4  dunder.o(i.__mathlib_dbl_infnan2)
    __mathlib_dbl_invalid                    0x08002c83   Thumb Code    12  dunder.o(i.__mathlib_dbl_invalid)
    __mathlib_dbl_underflow                  0x08002c91   Thumb Code    10  dunder.o(i.__mathlib_dbl_underflow)
    asin                                     0x08002d21   Thumb Code   572  asin.o(i.asin)
    atan                                     0x08002f91   Thumb Code   474  atan.o(i.atan)
    atan2                                    0x080031b1   Thumb Code   374  atan2.o(i.atan2)
    dmp_enable_6x_lp_quat                    0x0800334d   Thumb Code    58  inv_mpu_dmp_motion_driver.o(i.dmp_enable_6x_lp_quat)
    dmp_enable_feature                       0x08003389   Thumb Code   464  inv_mpu_dmp_motion_driver.o(i.dmp_enable_feature)
    dmp_enable_gyro_cal                      0x08003561   Thumb Code    34  inv_mpu_dmp_motion_driver.o(i.dmp_enable_gyro_cal)
    dmp_enable_lp_quat                       0x0800359d   Thumb Code    58  inv_mpu_dmp_motion_driver.o(i.dmp_enable_lp_quat)
    dmp_load_motion_driver_firmware          0x080035d9   Thumb Code    16  inv_mpu_dmp_motion_driver.o(i.dmp_load_motion_driver_firmware)
    dmp_read_fifo                            0x080035ed   Thumb Code   352  inv_mpu_dmp_motion_driver.o(i.dmp_read_fifo)
    dmp_set_accel_bias                       0x08003751   Thumb Code   210  inv_mpu_dmp_motion_driver.o(i.dmp_set_accel_bias)
    dmp_set_fifo_rate                        0x08003829   Thumb Code    82  inv_mpu_dmp_motion_driver.o(i.dmp_set_fifo_rate)
    dmp_set_gyro_bias                        0x0800388d   Thumb Code   196  inv_mpu_dmp_motion_driver.o(i.dmp_set_gyro_bias)
    dmp_set_orientation                      0x08003959   Thumb Code   246  inv_mpu_dmp_motion_driver.o(i.dmp_set_orientation)
    dmp_set_shake_reject_thresh              0x08003a65   Thumb Code    48  inv_mpu_dmp_motion_driver.o(i.dmp_set_shake_reject_thresh)
    dmp_set_shake_reject_time                0x08003a95   Thumb Code    32  inv_mpu_dmp_motion_driver.o(i.dmp_set_shake_reject_time)
    dmp_set_shake_reject_timeout             0x08003ab5   Thumb Code    32  inv_mpu_dmp_motion_driver.o(i.dmp_set_shake_reject_timeout)
    dmp_set_tap_axes                         0x08003ad5   Thumb Code    64  inv_mpu_dmp_motion_driver.o(i.dmp_set_tap_axes)
    dmp_set_tap_count                        0x08003b15   Thumb Code    34  inv_mpu_dmp_motion_driver.o(i.dmp_set_tap_count)
    dmp_set_tap_thresh                       0x08003b39   Thumb Code   274  inv_mpu_dmp_motion_driver.o(i.dmp_set_tap_thresh)
    dmp_set_tap_time                         0x08003c61   Thumb Code    32  inv_mpu_dmp_motion_driver.o(i.dmp_set_tap_time)
    dmp_set_tap_time_multi                   0x08003c81   Thumb Code    32  inv_mpu_dmp_motion_driver.o(i.dmp_set_tap_time_multi)
    inv_orientation_matrix_to_scalar         0x08004135   Thumb Code    34  inv_mpu.o(i.inv_orientation_matrix_to_scalar)
    inv_row_2_scale                          0x08004157   Thumb Code    72  inv_mpu.o(i.inv_row_2_scale)
    main                                     0x080041a1   Thumb Code   112  main.o(i.main)
    mget_ms                                  0x08004225   Thumb Code     2  inv_mpu.o(i.mget_ms)
    mpu_configure_fifo                       0x08004229   Thumb Code    78  inv_mpu.o(i.mpu_configure_fifo)
    mpu_dmp_get_data                         0x0800427d   Thumb Code   408  inv_mpu.o(i.mpu_dmp_get_data)
    mpu_dmp_init                             0x08004419   Thumb Code   152  inv_mpu.o(i.mpu_dmp_init)
    mpu_get_accel_fsr                        0x080044b5   Thumb Code    54  inv_mpu.o(i.mpu_get_accel_fsr)
    mpu_get_accel_sens                       0x080044f1   Thumb Code    62  inv_mpu.o(i.mpu_get_accel_sens)
    mpu_get_gyro_fsr                         0x08004535   Thumb Code    48  inv_mpu.o(i.mpu_get_gyro_fsr)
    mpu_get_gyro_sens                        0x08004569   Thumb Code    44  inv_mpu.o(i.mpu_get_gyro_sens)
    mpu_get_lpf                              0x080045a9   Thumb Code    52  inv_mpu.o(i.mpu_get_lpf)
    mpu_get_sample_rate                      0x080045e1   Thumb Code    22  inv_mpu.o(i.mpu_get_sample_rate)
    mpu_init                                 0x080045fd   Thumb Code   288  inv_mpu.o(i.mpu_init)
    mpu_load_firmware                        0x08004721   Thumb Code   154  inv_mpu.o(i.mpu_load_firmware)
    mpu_lp_accel_mode                        0x080047c1   Thumb Code   178  inv_mpu.o(i.mpu_lp_accel_mode)
    mpu_read_fifo_stream                     0x08004879   Thumb Code   140  inv_mpu.o(i.mpu_read_fifo_stream)
    mpu_read_mem                             0x08004909   Thumb Code    80  inv_mpu.o(i.mpu_read_mem)
    mpu_reset_fifo                           0x0800495d   Thumb Code   346  inv_mpu.o(i.mpu_reset_fifo)
    mpu_run_self_test                        0x08004abd   Thumb Code   234  inv_mpu.o(i.mpu_run_self_test)
    mpu_set_accel_fsr                        0x08004bad   Thumb Code    98  inv_mpu.o(i.mpu_set_accel_fsr)
    mpu_set_bypass                           0x08004c15   Thumb Code   214  inv_mpu.o(i.mpu_set_bypass)
    mpu_set_dmp_state                        0x08004cf1   Thumb Code   114  inv_mpu.o(i.mpu_set_dmp_state)
    mpu_set_gyro_fsr                         0x08004d69   Thumb Code   104  inv_mpu.o(i.mpu_set_gyro_fsr)
    mpu_set_int_latched                      0x08004dd5   Thumb Code    94  inv_mpu.o(i.mpu_set_int_latched)
    mpu_set_lpf                              0x08004e39   Thumb Code   102  inv_mpu.o(i.mpu_set_lpf)
    mpu_set_sample_rate                      0x08004ea5   Thumb Code   124  inv_mpu.o(i.mpu_set_sample_rate)
    mpu_set_sensors                          0x08004f25   Thumb Code   178  inv_mpu.o(i.mpu_set_sensors)
    mpu_write_mem                            0x08004fdd   Thumb Code    80  inv_mpu.o(i.mpu_write_mem)
    run_self_test                            0x08005031   Thumb Code   128  inv_mpu.o(i.run_self_test)
    sqrt                                     0x08005109   Thumb Code    76  sqrt.o(i.sqrt)
    __aeabi_d2f                              0x08005155   Thumb Code     0  d2f.o(x$fpl$d2f)
    _d2f                                     0x08005155   Thumb Code    98  d2f.o(x$fpl$d2f)
    __aeabi_dadd                             0x080051b9   Thumb Code     0  daddsub_clz.o(x$fpl$dadd)
    _dadd                                    0x080051b9   Thumb Code   332  daddsub_clz.o(x$fpl$dadd)
    __fpl_dcheck_NaN1                        0x08005309   Thumb Code    10  dcheck1.o(x$fpl$dcheck1)
    __fpl_dcmp_Inf                           0x08005319   Thumb Code    24  dcmpi.o(x$fpl$dcmpinf)
    __aeabi_ddiv                             0x08005331   Thumb Code     0  ddiv.o(x$fpl$ddiv)
    _ddiv                                    0x08005331   Thumb Code   552  ddiv.o(x$fpl$ddiv)
    __aeabi_cdcmpeq                          0x080055e1   Thumb Code     0  deqf.o(x$fpl$deqf)
    _dcmpeq                                  0x080055e1   Thumb Code   120  deqf.o(x$fpl$deqf)
    __aeabi_d2iz                             0x08005659   Thumb Code     0  dfix.o(x$fpl$dfix)
    _dfix                                    0x08005659   Thumb Code    94  dfix.o(x$fpl$dfix)
    __aeabi_i2d                              0x080056b7   Thumb Code     0  dflt_clz.o(x$fpl$dflt)
    _dflt                                    0x080056b7   Thumb Code    46  dflt_clz.o(x$fpl$dflt)
    __aeabi_ui2d                             0x080056e5   Thumb Code     0  dflt_clz.o(x$fpl$dfltu)
    _dfltu                                   0x080056e5   Thumb Code    38  dflt_clz.o(x$fpl$dfltu)
    __aeabi_dmul                             0x0800570d   Thumb Code     0  dmul.o(x$fpl$dmul)
    _dmul                                    0x0800570d   Thumb Code   332  dmul.o(x$fpl$dmul)
    __fpl_dnaninf                            0x08005861   Thumb Code   156  dnaninf.o(x$fpl$dnaninf)
    __fpl_dretinf                            0x080058fd   Thumb Code    12  dretinf.o(x$fpl$dretinf)
    __aeabi_drsub                            0x08005909   Thumb Code     0  daddsub_clz.o(x$fpl$drsb)
    _drsb                                    0x08005909   Thumb Code    22  daddsub_clz.o(x$fpl$drsb)
    _dsqrt                                   0x08005921   Thumb Code   456  dsqrt_noumaal.o(x$fpl$dsqrt)
    __aeabi_dsub                             0x08005aed   Thumb Code     0  daddsub_clz.o(x$fpl$dsub)
    _dsub                                    0x08005aed   Thumb Code   464  daddsub_clz.o(x$fpl$dsub)
    __aeabi_f2d                              0x08005cc1   Thumb Code     0  f2d.o(x$fpl$f2d)
    _f2d                                     0x08005cc1   Thumb Code    86  f2d.o(x$fpl$f2d)
    __aeabi_fadd                             0x08005d19   Thumb Code     0  faddsub_clz.o(x$fpl$fadd)
    _fadd                                    0x08005d19   Thumb Code   196  faddsub_clz.o(x$fpl$fadd)
    __fpl_fcheck_NaN1                        0x08005ddd   Thumb Code     6  fcheck1.o(x$fpl$fcheck1)
    __aeabi_fdiv                             0x08005de9   Thumb Code     0  fdiv.o(x$fpl$fdiv)
    _fdiv                                    0x08005de9   Thumb Code   384  fdiv.o(x$fpl$fdiv)
    __aeabi_f2iz                             0x08005f6d   Thumb Code     0  ffix.o(x$fpl$ffix)
    _ffix                                    0x08005f6d   Thumb Code    54  ffix.o(x$fpl$ffix)
    __aeabi_f2uiz                            0x08005fa5   Thumb Code     0  ffixu.o(x$fpl$ffixu)
    _ffixu                                   0x08005fa5   Thumb Code    62  ffixu.o(x$fpl$ffixu)
    __aeabi_i2f                              0x08005fe5   Thumb Code     0  fflt_clz.o(x$fpl$fflt)
    _fflt                                    0x08005fe5   Thumb Code    48  fflt_clz.o(x$fpl$fflt)
    __aeabi_ui2f                             0x08006015   Thumb Code     0  fflt_clz.o(x$fpl$ffltu)
    _ffltu                                   0x08006015   Thumb Code    38  fflt_clz.o(x$fpl$ffltu)
    __aeabi_fmul                             0x0800603d   Thumb Code     0  fmul.o(x$fpl$fmul)
    _fmul                                    0x0800603d   Thumb Code   258  fmul.o(x$fpl$fmul)
    __fpl_fnaninf                            0x0800613f   Thumb Code   140  fnaninf.o(x$fpl$fnaninf)
    __fpl_fretinf                            0x080061cb   Thumb Code    10  fretinf.o(x$fpl$fretinf)
    __aeabi_fsub                             0x080061d5   Thumb Code     0  faddsub_clz.o(x$fpl$fsub)
    _fsub                                    0x080061d5   Thumb Code   234  faddsub_clz.o(x$fpl$fsub)
    __fpl_return_NaN                         0x080062bf   Thumb Code   100  retnan.o(x$fpl$retnan)
    __ARM_scalbn                             0x08006323   Thumb Code    92  scalbn.o(x$fpl$scalbn)
    __ARM_scalbnf                            0x0800637f   Thumb Code    76  scalbnf.o(x$fpl$scalbnf)
    __fpl_cmpreturn                          0x080063cb   Thumb Code    48  trapv.o(x$fpl$trapveneer)
    __I$use$fp                               0x080063fa   Number         0  usenofp.o(x$fpl$usenofp)
    reg                                      0x080063fa   Data          27  inv_mpu.o(.constdata)
    hw                                       0x08006416   Data          12  inv_mpu.o(.constdata)
    test                                     0x08006424   Data          40  inv_mpu.o(.constdata)
    AHBPrescTable                            0x08007054   Data          16  system_stm32f1xx.o(.constdata)
    APBPrescTable                            0x08007064   Data           8  system_stm32f1xx.o(.constdata)
    __mathlib_zero                           0x08007158   Data           8  qnan.o(.constdata)
    Region$$Table$$Base                      0x08007160   Number         0  anon$$obj.o(Region$$Table)
    Region$$Table$$Limit                     0x08007180   Number         0  anon$$obj.o(Region$$Table)
    count                                    0x20000038   Data           2  sr04.o(.data)
    distance                                 0x2000003c   Data           4  sr04.o(.data)
    stop                                     0x20000040   Data           1  pid.o(.data)
    gyrox                                    0x20000042   Data           2  pid.o(.data)
    gyroy                                    0x20000044   Data           2  pid.o(.data)
    gyroz                                    0x20000046   Data           2  pid.o(.data)
    aacx                                     0x20000048   Data           2  pid.o(.data)
    aacy                                     0x2000004a   Data           2  pid.o(.data)
    aacz                                     0x2000004c   Data           2  pid.o(.data)
    x_pose                                   0x20000050   Data           4  pid.o(.data)
    angle_z                                  0x20000054   Data           4  pid.o(.data)
    last_angle                               0x20000058   Data           4  pid.o(.data)
    K1                                       0x2000005c   Data           4  pid.o(.data)
    K2                                       0x20000060   Data           4  pid.o(.data)
    K3                                       0x20000064   Data           4  pid.o(.data)
    K4                                       0x20000068   Data           4  pid.o(.data)
    K5                                       0x2000006c   Data           4  pid.o(.data)
    K6                                       0x20000070   Data           4  pid.o(.data)
    Ratio_accel                              0x20000074   Data           4  pid.o(.data)
    Target_x_speed                           0x20000078   Data           4  pid.o(.data)
    Target_angle_x                           0x2000007c   Data           4  pid.o(.data)
    Target_gyro_z                            0x20000080   Data           4  pid.o(.data)
    Med_Angle                                0x20000084   Data           4  pid.o(.data)
    Vertical_Kp                              0x20000088   Data           4  pid.o(.data)
    Vertical_Kd                              0x2000008c   Data           4  pid.o(.data)
    Velocity_Kp                              0x20000090   Data           4  pid.o(.data)
    Velocity_Ki                              0x20000094   Data           4  pid.o(.data)
    Turn_Kp                                  0x20000098   Data           4  pid.o(.data)
    Turn_Kd                                  0x2000009c   Data           4  pid.o(.data)
    x_speed                                  0x200000ac   Data           4  pid.o(.data)
    angle_x                                  0x200000b0   Data           4  pid.o(.data)
    gyro_x                                   0x200000b4   Data           4  pid.o(.data)
    gyro_z                                   0x200000b8   Data           4  pid.o(.data)
    L_accel                                  0x200000bc   Data           4  pid.o(.data)
    R_accel                                  0x200000c0   Data           4  pid.o(.data)
    velocity_L                               0x200000c4   Data           4  pid.o(.data)
    velocity_R                               0x200000c8   Data           4  pid.o(.data)
    Motor_Left                               0x200000cc   Data           4  pid.o(.data)
    Motor_Right                              0x200000d0   Data           4  pid.o(.data)
    Encoder_Left                             0x200000d4   Data           4  pid.o(.data)
    Encoder_Right                            0x200000d8   Data           4  pid.o(.data)
    pitch                                    0x200000dc   Data           4  pid.o(.data)
    roll                                     0x200000e0   Data           4  pid.o(.data)
    yaw                                      0x200000e4   Data           4  pid.o(.data)
    Vertical_out                             0x200000e8   Data           4  pid.o(.data)
    Velocity_out                             0x200000ec   Data           4  pid.o(.data)
    Turn_out                                 0x200000f0   Data           4  pid.o(.data)
    Target_Speed                             0x200000f4   Data           4  pid.o(.data)
    Target_turn                              0x200000f8   Data           4  pid.o(.data)
    MOTO1                                    0x200000fc   Data           4  pid.o(.data)
    MOTO2                                    0x20000100   Data           4  pid.o(.data)
    Velocity_Left                            0x20000104   Data           4  pid.o(.data)
    Velocity_Right                           0x20000108   Data           4  pid.o(.data)
    Bluetooth_data                           0x2000010c   Data           1  stm32f1xx_it.o(.data)
    Fore                                     0x2000010d   Data           1  stm32f1xx_it.o(.data)
    Back                                     0x2000010e   Data           1  stm32f1xx_it.o(.data)
    Left                                     0x2000010f   Data           1  stm32f1xx_it.o(.data)
    Right                                    0x20000110   Data           1  stm32f1xx_it.o(.data)
    rx_buf                                   0x20000111   Data           2  stm32f1xx_it.o(.data)
    uwTickFreq                               0x20000114   Data           1  stm32f1xx_hal.o(.data)
    uwTickPrio                               0x20000118   Data           4  stm32f1xx_hal.o(.data)
    uwTick                                   0x2000011c   Data           4  stm32f1xx_hal.o(.data)
    SystemCoreClock                          0x20000120   Data           4  system_stm32f1xx.o(.data)
    hi2c1                                    0x20000134   Data          84  i2c.o(.bss)
    htim1                                    0x20000188   Data          72  tim.o(.bss)
    htim2                                    0x200001d0   Data          72  tim.o(.bss)
    htim3                                    0x20000218   Data          72  tim.o(.bss)
    htim4                                    0x20000260   Data          72  tim.o(.bss)
    huart3                                   0x200002a8   Data          72  usart.o(.bss)
    __libspace_start                         0x200002f0   Data          96  libspace.o(.bss)
    __temporary_stack_top$libspace           0x20000350   Data           0  libspace.o(.bss)



==============================================================================

Memory Map of the image

  Image Entry point : 0x080000ed

  Load Region LR_IROM1 (Base: 0x08000000, Size: 0x000072a4, Max: 0x00010000, ABSOLUTE)

    Execution Region ER_IROM1 (Exec base: 0x08000000, Load base: 0x08000000, Size: 0x00007180, Max: 0x00010000, ABSOLUTE)

    Exec Addr    Load Addr    Size         Type   Attr      Idx    E Section Name        Object

    0x08000000   0x08000000   0x000000ec   Data   RO            3    RESET               startup_stm32f103xb.o
    0x080000ec   0x080000ec   0x00000008   Code   RO         4440  * !!!main             c_w.l(__main.o)
    0x080000f4   0x080000f4   0x00000034   Code   RO         4756    !!!scatter          c_w.l(__scatter.o)
    0x08000128   0x08000128   0x0000001a   Code   RO         4758    !!handler_copy      c_w.l(__scatter_copy.o)
    0x08000142   0x08000142   0x00000002   PAD
    0x08000144   0x08000144   0x0000001c   Code   RO         4760    !!handler_zi        c_w.l(__scatter_zi.o)
    0x08000160   0x08000160   0x00000002   Code   RO         4621    .ARM.Collect$$libinit$$00000000  c_w.l(libinit.o)
    0x08000162   0x08000162   0x00000000   Code   RO         4631    .ARM.Collect$$libinit$$00000002  c_w.l(libinit2.o)
    0x08000162   0x08000162   0x00000000   Code   RO         4633    .ARM.Collect$$libinit$$00000004  c_w.l(libinit2.o)
    0x08000162   0x08000162   0x00000000   Code   RO         4636    .ARM.Collect$$libinit$$0000000A  c_w.l(libinit2.o)
    0x08000162   0x08000162   0x00000000   Code   RO         4638    .ARM.Collect$$libinit$$0000000C  c_w.l(libinit2.o)
    0x08000162   0x08000162   0x00000000   Code   RO         4640    .ARM.Collect$$libinit$$0000000E  c_w.l(libinit2.o)
    0x08000162   0x08000162   0x00000000   Code   RO         4643    .ARM.Collect$$libinit$$00000011  c_w.l(libinit2.o)
    0x08000162   0x08000162   0x00000000   Code   RO         4645    .ARM.Collect$$libinit$$00000013  c_w.l(libinit2.o)
    0x08000162   0x08000162   0x00000000   Code   RO         4647    .ARM.Collect$$libinit$$00000015  c_w.l(libinit2.o)
    0x08000162   0x08000162   0x00000000   Code   RO         4649    .ARM.Collect$$libinit$$00000017  c_w.l(libinit2.o)
    0x08000162   0x08000162   0x00000000   Code   RO         4651    .ARM.Collect$$libinit$$00000019  c_w.l(libinit2.o)
    0x08000162   0x08000162   0x00000000   Code   RO         4653    .ARM.Collect$$libinit$$0000001B  c_w.l(libinit2.o)
    0x08000162   0x08000162   0x00000000   Code   RO         4655    .ARM.Collect$$libinit$$0000001D  c_w.l(libinit2.o)
    0x08000162   0x08000162   0x00000000   Code   RO         4657    .ARM.Collect$$libinit$$0000001F  c_w.l(libinit2.o)
    0x08000162   0x08000162   0x00000000   Code   RO         4659    .ARM.Collect$$libinit$$00000021  c_w.l(libinit2.o)
    0x08000162   0x08000162   0x00000000   Code   RO         4661    .ARM.Collect$$libinit$$00000023  c_w.l(libinit2.o)
    0x08000162   0x08000162   0x00000000   Code   RO         4663    .ARM.Collect$$libinit$$00000025  c_w.l(libinit2.o)
    0x08000162   0x08000162   0x00000000   Code   RO         4667    .ARM.Collect$$libinit$$0000002C  c_w.l(libinit2.o)
    0x08000162   0x08000162   0x00000000   Code   RO         4669    .ARM.Collect$$libinit$$0000002E  c_w.l(libinit2.o)
    0x08000162   0x08000162   0x00000000   Code   RO         4671    .ARM.Collect$$libinit$$00000030  c_w.l(libinit2.o)
    0x08000162   0x08000162   0x00000000   Code   RO         4673    .ARM.Collect$$libinit$$00000032  c_w.l(libinit2.o)
    0x08000162   0x08000162   0x00000002   Code   RO         4674    .ARM.Collect$$libinit$$00000033  c_w.l(libinit2.o)
    0x08000164   0x08000164   0x00000002   Code   RO         4704    .ARM.Collect$$libshutdown$$00000000  c_w.l(libshutdown.o)
    0x08000166   0x08000166   0x00000000   Code   RO         4721    .ARM.Collect$$libshutdown$$00000002  c_w.l(libshutdown2.o)
    0x08000166   0x08000166   0x00000000   Code   RO         4723    .ARM.Collect$$libshutdown$$00000004  c_w.l(libshutdown2.o)
    0x08000166   0x08000166   0x00000000   Code   RO         4725    .ARM.Collect$$libshutdown$$00000006  c_w.l(libshutdown2.o)
    0x08000166   0x08000166   0x00000000   Code   RO         4728    .ARM.Collect$$libshutdown$$00000009  c_w.l(libshutdown2.o)
    0x08000166   0x08000166   0x00000000   Code   RO         4731    .ARM.Collect$$libshutdown$$0000000C  c_w.l(libshutdown2.o)
    0x08000166   0x08000166   0x00000000   Code   RO         4733    .ARM.Collect$$libshutdown$$0000000E  c_w.l(libshutdown2.o)
    0x08000166   0x08000166   0x00000000   Code   RO         4736    .ARM.Collect$$libshutdown$$00000011  c_w.l(libshutdown2.o)
    0x08000166   0x08000166   0x00000002   Code   RO         4737    .ARM.Collect$$libshutdown$$00000012  c_w.l(libshutdown2.o)
    0x08000168   0x08000168   0x00000000   Code   RO         4516    .ARM.Collect$$rtentry$$00000000  c_w.l(__rtentry.o)
    0x08000168   0x08000168   0x00000000   Code   RO         4576    .ARM.Collect$$rtentry$$00000002  c_w.l(__rtentry2.o)
    0x08000168   0x08000168   0x00000006   Code   RO         4588    .ARM.Collect$$rtentry$$00000004  c_w.l(__rtentry4.o)
    0x0800016e   0x0800016e   0x00000000   Code   RO         4578    .ARM.Collect$$rtentry$$00000009  c_w.l(__rtentry2.o)
    0x0800016e   0x0800016e   0x00000004   Code   RO         4579    .ARM.Collect$$rtentry$$0000000A  c_w.l(__rtentry2.o)
    0x08000172   0x08000172   0x00000000   Code   RO         4581    .ARM.Collect$$rtentry$$0000000C  c_w.l(__rtentry2.o)
    0x08000172   0x08000172   0x00000008   Code   RO         4582    .ARM.Collect$$rtentry$$0000000D  c_w.l(__rtentry2.o)
    0x0800017a   0x0800017a   0x00000002   Code   RO         4624    .ARM.Collect$$rtexit$$00000000  c_w.l(rtexit.o)
    0x0800017c   0x0800017c   0x00000000   Code   RO         4676    .ARM.Collect$$rtexit$$00000002  c_w.l(rtexit2.o)
    0x0800017c   0x0800017c   0x00000004   Code   RO         4677    .ARM.Collect$$rtexit$$00000003  c_w.l(rtexit2.o)
    0x08000180   0x08000180   0x00000006   Code   RO         4678    .ARM.Collect$$rtexit$$00000004  c_w.l(rtexit2.o)
    0x08000186   0x08000186   0x00000002   PAD
    0x08000188   0x08000188   0x00000040   Code   RO            4    .text               startup_stm32f103xb.o
    0x080001c8   0x080001c8   0x00000048   Code   RO         4430    .text               c_w.l(llsdiv.o)
    0x08000210   0x08000210   0x00000058   Code   RO         4432    .text               c_w.l(memcmp.o)
    0x08000268   0x08000268   0x00000010   Code   RO         4434    .text               c_w.l(aeabi_memset.o)
    0x08000278   0x08000278   0x0000004e   Code   RO         4436    .text               c_w.l(rt_memclr_w.o)
    0x080002c6   0x080002c6   0x00000006   Code   RO         4438    .text               c_w.l(heapauxi.o)
    0x080002cc   0x080002cc   0x000000ee   Code   RO         4517    .text               c_w.l(lludivv7m.o)
    0x080003ba   0x080003ba   0x00000016   Code   RO         4519    .text               c_w.l(_rserrno.o)
    0x080003d0   0x080003d0   0x00000044   Code   RO         4521    .text               c_w.l(rt_memclr.o)
    0x08000414   0x08000414   0x00000008   Code   RO         4597    .text               c_w.l(rt_errno_addr_intlibspace.o)
    0x0800041c   0x0800041c   0x00000008   Code   RO         4607    .text               c_w.l(libspace.o)
    0x08000424   0x08000424   0x0000004a   Code   RO         4610    .text               c_w.l(sys_stackheap_outer.o)
    0x0800046e   0x0800046e   0x00000012   Code   RO         4614    .text               c_w.l(exit.o)
    0x08000480   0x08000480   0x0000000c   Code   RO         4692    .text               c_w.l(sys_exit.o)
    0x0800048c   0x0800048c   0x00000002   Code   RO         4709    .text               c_w.l(use_no_semi.o)
    0x0800048e   0x0800048e   0x00000000   Code   RO         4711    .text               c_w.l(indicate_semi.o)
    0x0800048e   0x0800048e   0x00000002   Code   RO         1484    i.BusFault_Handler  stm32f1xx_it.o
    0x08000490   0x08000490   0x00000002   Code   RO         1485    i.DebugMon_Handler  stm32f1xx_it.o
    0x08000492   0x08000492   0x00000006   Code   RO         1486    i.EXTI2_IRQHandler  stm32f1xx_it.o
    0x08000498   0x08000498   0x00000006   Code   RO         1487    i.EXTI9_5_IRQHandler  stm32f1xx_it.o
    0x0800049e   0x0800049e   0x00000004   Code   RO         1218    i.Error_Handler     main.o
    0x080004a2   0x080004a2   0x00000002   PAD
    0x080004a4   0x080004a4   0x000000c0   Code   RO         1138    i.Get_Velocity_Form_Encoder  pid.o
    0x08000564   0x08000564   0x00000046   Code   RO         2459    i.HAL_DMA_Abort     stm32f1xx_hal_dma.o
    0x080005aa   0x080005aa   0x00000002   PAD
    0x080005ac   0x080005ac   0x00000098   Code   RO         2460    i.HAL_DMA_Abort_IT  stm32f1xx_hal_dma.o
    0x08000644   0x08000644   0x00000024   Code   RO         2085    i.HAL_Delay         stm32f1xx_hal.o
    0x08000668   0x08000668   0x00000068   Code   RO         1029    i.HAL_GPIO_EXTI_Callback  sr04.o
    0x080006d0   0x080006d0   0x00000018   Code   RO         2394    i.HAL_GPIO_EXTI_IRQHandler  stm32f1xx_hal_gpio.o
    0x080006e8   0x080006e8   0x000001e0   Code   RO         2395    i.HAL_GPIO_Init     stm32f1xx_hal_gpio.o
    0x080008c8   0x080008c8   0x0000000a   Code   RO         2397    i.HAL_GPIO_ReadPin  stm32f1xx_hal_gpio.o
    0x080008d2   0x080008d2   0x0000000a   Code   RO         2399    i.HAL_GPIO_WritePin  stm32f1xx_hal_gpio.o
    0x080008dc   0x080008dc   0x0000000c   Code   RO         2089    i.HAL_GetTick       stm32f1xx_hal.o
    0x080008e8   0x080008e8   0x00000188   Code   RO         1652    i.HAL_I2C_Init      stm32f1xx_hal_i2c.o
    0x08000a70   0x08000a70   0x00000070   Code   RO         1311    i.HAL_I2C_MspInit   i2c.o
    0x08000ae0   0x08000ae0   0x00000010   Code   RO         2095    i.HAL_IncTick       stm32f1xx_hal.o
    0x08000af0   0x08000af0   0x00000024   Code   RO         2096    i.HAL_Init          stm32f1xx_hal.o
    0x08000b14   0x08000b14   0x00000040   Code   RO         2097    i.HAL_InitTick      stm32f1xx_hal.o
    0x08000b54   0x08000b54   0x0000003c   Code   RO         1581    i.HAL_MspInit       stm32f1xx_hal_msp.o
    0x08000b90   0x08000b90   0x0000001a   Code   RO         2555    i.HAL_NVIC_EnableIRQ  stm32f1xx_hal_cortex.o
    0x08000baa   0x08000baa   0x00000002   PAD
    0x08000bac   0x08000bac   0x00000040   Code   RO         2561    i.HAL_NVIC_SetPriority  stm32f1xx_hal_cortex.o
    0x08000bec   0x08000bec   0x00000024   Code   RO         2562    i.HAL_NVIC_SetPriorityGrouping  stm32f1xx_hal_cortex.o
    0x08000c10   0x08000c10   0x0000012c   Code   RO         2253    i.HAL_RCC_ClockConfig  stm32f1xx_hal_rcc.o
    0x08000d3c   0x08000d3c   0x00000020   Code   RO         2260    i.HAL_RCC_GetPCLK1Freq  stm32f1xx_hal_rcc.o
    0x08000d5c   0x08000d5c   0x00000020   Code   RO         2261    i.HAL_RCC_GetPCLK2Freq  stm32f1xx_hal_rcc.o
    0x08000d7c   0x08000d7c   0x0000004c   Code   RO         2262    i.HAL_RCC_GetSysClockFreq  stm32f1xx_hal_rcc.o
    0x08000dc8   0x08000dc8   0x00000320   Code   RO         2265    i.HAL_RCC_OscConfig  stm32f1xx_hal_rcc.o
    0x080010e8   0x080010e8   0x00000028   Code   RO         2566    i.HAL_SYSTICK_Config  stm32f1xx_hal_cortex.o
    0x08001110   0x08001110   0x00000054   Code   RO         3764    i.HAL_TIMEx_ConfigBreakDeadTime  stm32f1xx_hal_tim_ex.o
    0x08001164   0x08001164   0x00000068   Code   RO         3780    i.HAL_TIMEx_MasterConfigSynchronization  stm32f1xx_hal_tim_ex.o
    0x080011cc   0x080011cc   0x0000005a   Code   RO         3057    i.HAL_TIM_Base_Init  stm32f1xx_hal_tim.o
    0x08001226   0x08001226   0x00000002   PAD
    0x08001228   0x08001228   0x00000028   Code   RO         1353    i.HAL_TIM_Base_MspInit  tim.o
    0x08001250   0x08001250   0x00000050   Code   RO         3060    i.HAL_TIM_Base_Start  stm32f1xx_hal_tim.o
    0x080012a0   0x080012a0   0x00000026   Code   RO         3063    i.HAL_TIM_Base_Stop  stm32f1xx_hal_tim.o
    0x080012c6   0x080012c6   0x000000dc   Code   RO         3066    i.HAL_TIM_ConfigClockSource  stm32f1xx_hal_tim.o
    0x080013a2   0x080013a2   0x000000a4   Code   RO         3078    i.HAL_TIM_Encoder_Init  stm32f1xx_hal_tim.o
    0x08001446   0x08001446   0x00000002   PAD
    0x08001448   0x08001448   0x0000008c   Code   RO         1355    i.HAL_TIM_Encoder_MspInit  tim.o
    0x080014d4   0x080014d4   0x0000008e   Code   RO         3081    i.HAL_TIM_Encoder_Start  stm32f1xx_hal_tim.o
    0x08001562   0x08001562   0x00000002   PAD
    0x08001564   0x08001564   0x0000004c   Code   RO         1356    i.HAL_TIM_MspPostInit  tim.o
    0x080015b0   0x080015b0   0x000000cc   Code   RO         3129    i.HAL_TIM_PWM_ConfigChannel  stm32f1xx_hal_tim.o
    0x0800167c   0x0800167c   0x0000005a   Code   RO         3132    i.HAL_TIM_PWM_Init  stm32f1xx_hal_tim.o
    0x080016d6   0x080016d6   0x00000002   PAD
    0x080016d8   0x080016d8   0x00000028   Code   RO         1358    i.HAL_TIM_PWM_MspInit  tim.o
    0x08001700   0x08001700   0x0000009c   Code   RO         3137    i.HAL_TIM_PWM_Start  stm32f1xx_hal_tim.o
    0x0800179c   0x0800179c   0x00000002   Code   RO         4040    i.HAL_UARTEx_RxEventCallback  stm32f1xx_hal_uart.o
    0x0800179e   0x0800179e   0x00000002   Code   RO         4054    i.HAL_UART_ErrorCallback  stm32f1xx_hal_uart.o
    0x080017a0   0x080017a0   0x0000026c   Code   RO         4057    i.HAL_UART_IRQHandler  stm32f1xx_hal_uart.o
    0x08001a0c   0x08001a0c   0x00000064   Code   RO         4058    i.HAL_UART_Init     stm32f1xx_hal_uart.o
    0x08001a70   0x08001a70   0x00000080   Code   RO         1443    i.HAL_UART_MspInit  usart.o
    0x08001af0   0x08001af0   0x0000001c   Code   RO         4063    i.HAL_UART_Receive_IT  stm32f1xx_hal_uart.o
    0x08001b0c   0x08001b0c   0x00000002   Code   RO         4064    i.HAL_UART_RxCpltCallback  stm32f1xx_hal_uart.o
    0x08001b0e   0x08001b0e   0x00000002   Code   RO         4069    i.HAL_UART_TxCpltCallback  stm32f1xx_hal_uart.o
    0x08001b10   0x08001b10   0x00000002   Code   RO         1488    i.HardFault_Handler  stm32f1xx_it.o
    0x08001b12   0x08001b12   0x00000002   PAD
    0x08001b14   0x08001b14   0x00000040   Code   RO          217    i.IIC_Ack           iic.o
    0x08001b54   0x08001b54   0x0000000c   Code   RO          219    i.IIC_Delay         iic.o
    0x08001b60   0x08001b60   0x0000003c   Code   RO          220    i.IIC_GPIO_Init     iic.o
    0x08001b9c   0x08001b9c   0x00000038   Code   RO          221    i.IIC_NAck          iic.o
    0x08001bd4   0x08001bd4   0x00000058   Code   RO          222    i.IIC_Read_Byte     iic.o
    0x08001c2c   0x08001c2c   0x0000005c   Code   RO          223    i.IIC_Send_Byte     iic.o
    0x08001c88   0x08001c88   0x00000040   Code   RO          224    i.IIC_Start         iic.o
    0x08001cc8   0x08001cc8   0x00000030   Code   RO          225    i.IIC_Stop          iic.o
    0x08001cf8   0x08001cf8   0x00000048   Code   RO          226    i.IIC_Wait_Ack      iic.o
    0x08001d40   0x08001d40   0x000002c8   Code   RO         1139    i.LQR_Control       pid.o
    0x08002008   0x08002008   0x0000007c   Code   RO         1071    i.Load              motor.o
    0x08002084   0x08002084   0x00000032   Code   RO          660    i.MPU_Get_Accelerometer  mpu6050.o
    0x080020b6   0x080020b6   0x00000032   Code   RO          661    i.MPU_Get_Gyroscope  mpu6050.o
    0x080020e8   0x080020e8   0x00000076   Code   RO          663    i.MPU_Init          mpu6050.o
    0x0800215e   0x0800215e   0x0000003a   Code   RO          664    i.MPU_Read_Byte     mpu6050.o
    0x08002198   0x08002198   0x0000006c   Code   RO          665    i.MPU_Read_Len      mpu6050.o
    0x08002204   0x08002204   0x0000000a   Code   RO          666    i.MPU_Set_Accel_Fsr  mpu6050.o
    0x0800220e   0x0800220e   0x0000000a   Code   RO          667    i.MPU_Set_Gyro_Fsr  mpu6050.o
    0x08002218   0x08002218   0x00000030   Code   RO          668    i.MPU_Set_LPF       mpu6050.o
    0x08002248   0x08002248   0x0000002e   Code   RO          669    i.MPU_Set_Rate      mpu6050.o
    0x08002276   0x08002276   0x0000003c   Code   RO          670    i.MPU_Write_Byte    mpu6050.o
    0x080022b2   0x080022b2   0x00000052   Code   RO          671    i.MPU_Write_Len     mpu6050.o
    0x08002304   0x08002304   0x000000e8   Code   RO         1283    i.MX_GPIO_Init      gpio.o
    0x080023ec   0x080023ec   0x00000040   Code   RO         1312    i.MX_I2C1_Init      i2c.o
    0x0800242c   0x0800242c   0x000000b4   Code   RO         1359    i.MX_TIM1_Init      tim.o
    0x080024e0   0x080024e0   0x00000068   Code   RO         1360    i.MX_TIM2_Init      tim.o
    0x08002548   0x08002548   0x00000068   Code   RO         1361    i.MX_TIM3_Init      tim.o
    0x080025b0   0x080025b0   0x0000006c   Code   RO         1362    i.MX_TIM4_Init      tim.o
    0x0800261c   0x0800261c   0x00000038   Code   RO         1444    i.MX_USART3_UART_Init  usart.o
    0x08002654   0x08002654   0x00000002   Code   RO         1489    i.MemManage_Handler  stm32f1xx_it.o
    0x08002656   0x08002656   0x00000002   Code   RO         1490    i.NMI_Handler       stm32f1xx_it.o
    0x08002658   0x08002658   0x0000000e   Code   RO         1140    i.PWM_Limit         pid.o
    0x08002666   0x08002666   0x00000002   Code   RO         1491    i.PendSV_Handler    stm32f1xx_it.o
    0x08002668   0x08002668   0x0000000c   Code   RO         1110    i.Read_Speed        encoder.o
    0x08002674   0x08002674   0x00000002   Code   RO         1492    i.SVC_Handler       stm32f1xx_it.o
    0x08002676   0x08002676   0x00000004   Code   RO         1493    i.SysTick_Handler   stm32f1xx_it.o
    0x0800267a   0x0800267a   0x0000005e   Code   RO         1219    i.SystemClock_Config  main.o
    0x080026d8   0x080026d8   0x00000002   Code   RO         4392    i.SystemInit        system_stm32f1xx.o
    0x080026da   0x080026da   0x00000002   PAD
    0x080026dc   0x080026dc   0x0000006c   Code   RO         3150    i.TIM_Base_SetConfig  stm32f1xx_hal_tim.o
    0x08002748   0x08002748   0x0000001a   Code   RO         3151    i.TIM_CCxChannelCmd  stm32f1xx_hal_tim.o
    0x08002762   0x08002762   0x00000014   Code   RO         3161    i.TIM_ETR_SetConfig  stm32f1xx_hal_tim.o
    0x08002776   0x08002776   0x00000010   Code   RO         3162    i.TIM_ITRx_SetConfig  stm32f1xx_hal_tim.o
    0x08002786   0x08002786   0x00000002   PAD
    0x08002788   0x08002788   0x00000050   Code   RO         3163    i.TIM_OC1_SetConfig  stm32f1xx_hal_tim.o
    0x080027d8   0x080027d8   0x00000058   Code   RO         3164    i.TIM_OC2_SetConfig  stm32f1xx_hal_tim.o
    0x08002830   0x08002830   0x00000058   Code   RO         3165    i.TIM_OC3_SetConfig  stm32f1xx_hal_tim.o
    0x08002888   0x08002888   0x00000044   Code   RO         3166    i.TIM_OC4_SetConfig  stm32f1xx_hal_tim.o
    0x080028cc   0x080028cc   0x00000022   Code   RO         3168    i.TIM_TI1_ConfigInputStage  stm32f1xx_hal_tim.o
    0x080028ee   0x080028ee   0x00000024   Code   RO         3170    i.TIM_TI2_ConfigInputStage  stm32f1xx_hal_tim.o
    0x08002912   0x08002912   0x00000010   Code   RO         4071    i.UART_DMAAbortOnError  stm32f1xx_hal_uart.o
    0x08002922   0x08002922   0x0000004e   Code   RO         4081    i.UART_EndRxTransfer  stm32f1xx_hal_uart.o
    0x08002970   0x08002970   0x000000c2   Code   RO         4083    i.UART_Receive_IT   stm32f1xx_hal_uart.o
    0x08002a32   0x08002a32   0x00000002   PAD
    0x08002a34   0x08002a34   0x000000b8   Code   RO         4084    i.UART_SetConfig    stm32f1xx_hal_uart.o
    0x08002aec   0x08002aec   0x00000036   Code   RO         4086    i.UART_Start_Receive_IT  stm32f1xx_hal_uart.o
    0x08002b22   0x08002b22   0x00000002   PAD
    0x08002b24   0x08002b24   0x00000060   Code   RO         1494    i.USART3_IRQHandler  stm32f1xx_it.o
    0x08002b84   0x08002b84   0x00000002   Code   RO         1495    i.UsageFault_Handler  stm32f1xx_it.o
    0x08002b86   0x08002b86   0x00000028   Code   RO         4562    i.__ARM_fpclassify  m_ws.l(fpclassify.o)
    0x08002bae   0x08002bae   0x00000020   Code   RO         2568    i.__NVIC_SetPriority  stm32f1xx_hal_cortex.o
    0x08002bce   0x08002bce   0x000000aa   Code   RO         4564    i.__kernel_poly     m_ws.l(poly.o)
    0x08002c78   0x08002c78   0x00000006   Code   RO         4549    i.__mathlib_dbl_infnan  m_ws.l(dunder.o)
    0x08002c7e   0x08002c7e   0x00000004   Code   RO         4550    i.__mathlib_dbl_infnan2  m_ws.l(dunder.o)
    0x08002c82   0x08002c82   0x0000000c   Code   RO         4551    i.__mathlib_dbl_invalid  m_ws.l(dunder.o)
    0x08002c8e   0x08002c8e   0x00000002   PAD
    0x08002c90   0x08002c90   0x00000010   Code   RO         4554    i.__mathlib_dbl_underflow  m_ws.l(dunder.o)
    0x08002ca0   0x08002ca0   0x00000080   Code   RO          300    i.accel_self_test   inv_mpu.o
    0x08002d20   0x08002d20   0x00000270   Code   RO         4499    i.asin              m_ws.l(asin.o)
    0x08002f90   0x08002f90   0x00000220   Code   RO         4539    i.atan              m_ws.l(atan.o)
    0x080031b0   0x080031b0   0x0000019c   Code   RO         4509    i.atan2             m_ws.l(atan2.o)
    0x0800334c   0x0800334c   0x0000003a   Code   RO          839    i.dmp_enable_6x_lp_quat  inv_mpu_dmp_motion_driver.o
    0x08003386   0x08003386   0x00000002   PAD
    0x08003388   0x08003388   0x000001d8   Code   RO          840    i.dmp_enable_feature  inv_mpu_dmp_motion_driver.o
    0x08003560   0x08003560   0x0000003c   Code   RO          841    i.dmp_enable_gyro_cal  inv_mpu_dmp_motion_driver.o
    0x0800359c   0x0800359c   0x0000003a   Code   RO          842    i.dmp_enable_lp_quat  inv_mpu_dmp_motion_driver.o
    0x080035d6   0x080035d6   0x00000002   PAD
    0x080035d8   0x080035d8   0x00000014   Code   RO          847    i.dmp_load_motion_driver_firmware  inv_mpu_dmp_motion_driver.o
    0x080035ec   0x080035ec   0x00000164   Code   RO          848    i.dmp_read_fifo     inv_mpu_dmp_motion_driver.o
    0x08003750   0x08003750   0x000000d8   Code   RO          851    i.dmp_set_accel_bias  inv_mpu_dmp_motion_driver.o
    0x08003828   0x08003828   0x00000064   Code   RO          852    i.dmp_set_fifo_rate  inv_mpu_dmp_motion_driver.o
    0x0800388c   0x0800388c   0x000000cc   Code   RO          853    i.dmp_set_gyro_bias  inv_mpu_dmp_motion_driver.o
    0x08003958   0x08003958   0x0000010c   Code   RO          855    i.dmp_set_orientation  inv_mpu_dmp_motion_driver.o
    0x08003a64   0x08003a64   0x00000030   Code   RO          858    i.dmp_set_shake_reject_thresh  inv_mpu_dmp_motion_driver.o
    0x08003a94   0x08003a94   0x00000020   Code   RO          859    i.dmp_set_shake_reject_time  inv_mpu_dmp_motion_driver.o
    0x08003ab4   0x08003ab4   0x00000020   Code   RO          860    i.dmp_set_shake_reject_timeout  inv_mpu_dmp_motion_driver.o
    0x08003ad4   0x08003ad4   0x00000040   Code   RO          861    i.dmp_set_tap_axes  inv_mpu_dmp_motion_driver.o
    0x08003b14   0x08003b14   0x00000022   Code   RO          862    i.dmp_set_tap_count  inv_mpu_dmp_motion_driver.o
    0x08003b36   0x08003b36   0x00000002   PAD
    0x08003b38   0x08003b38   0x00000128   Code   RO          863    i.dmp_set_tap_thresh  inv_mpu_dmp_motion_driver.o
    0x08003c60   0x08003c60   0x00000020   Code   RO          864    i.dmp_set_tap_time  inv_mpu_dmp_motion_driver.o
    0x08003c80   0x08003c80   0x00000020   Code   RO          865    i.dmp_set_tap_time_multi  inv_mpu_dmp_motion_driver.o
    0x08003ca0   0x08003ca0   0x000000ac   Code   RO          301    i.get_accel_prod_shift  inv_mpu.o
    0x08003d4c   0x08003d4c   0x00000314   Code   RO          302    i.get_st_biases     inv_mpu.o
    0x08004060   0x08004060   0x000000d4   Code   RO          303    i.gyro_self_test    inv_mpu.o
    0x08004134   0x08004134   0x00000022   Code   RO          304    i.inv_orientation_matrix_to_scalar  inv_mpu.o
    0x08004156   0x08004156   0x00000048   Code   RO          305    i.inv_row_2_scale   inv_mpu.o
    0x0800419e   0x0800419e   0x00000002   PAD
    0x080041a0   0x080041a0   0x00000084   Code   RO         1220    i.main              main.o
    0x08004224   0x08004224   0x00000002   Code   RO          306    i.mget_ms           inv_mpu.o
    0x08004226   0x08004226   0x00000002   PAD
    0x08004228   0x08004228   0x00000054   Code   RO          307    i.mpu_configure_fifo  inv_mpu.o
    0x0800427c   0x0800427c   0x0000019c   Code   RO          308    i.mpu_dmp_get_data  inv_mpu.o
    0x08004418   0x08004418   0x0000009c   Code   RO          309    i.mpu_dmp_init      inv_mpu.o
    0x080044b4   0x080044b4   0x0000003c   Code   RO          310    i.mpu_get_accel_fsr  inv_mpu.o
    0x080044f0   0x080044f0   0x00000044   Code   RO          312    i.mpu_get_accel_sens  inv_mpu.o
    0x08004534   0x08004534   0x00000034   Code   RO          318    i.mpu_get_gyro_fsr  inv_mpu.o
    0x08004568   0x08004568   0x00000040   Code   RO          320    i.mpu_get_gyro_sens  inv_mpu.o
    0x080045a8   0x080045a8   0x00000038   Code   RO          322    i.mpu_get_lpf       inv_mpu.o
    0x080045e0   0x080045e0   0x0000001c   Code   RO          324    i.mpu_get_sample_rate  inv_mpu.o
    0x080045fc   0x080045fc   0x00000124   Code   RO          326    i.mpu_init          inv_mpu.o
    0x08004720   0x08004720   0x000000a0   Code   RO          327    i.mpu_load_firmware  inv_mpu.o
    0x080047c0   0x080047c0   0x000000b8   Code   RO          328    i.mpu_lp_accel_mode  inv_mpu.o
    0x08004878   0x08004878   0x00000090   Code   RO          331    i.mpu_read_fifo_stream  inv_mpu.o
    0x08004908   0x08004908   0x00000054   Code   RO          332    i.mpu_read_mem      inv_mpu.o
    0x0800495c   0x0800495c   0x00000160   Code   RO          335    i.mpu_reset_fifo    inv_mpu.o
    0x08004abc   0x08004abc   0x000000f0   Code   RO          336    i.mpu_run_self_test  inv_mpu.o
    0x08004bac   0x08004bac   0x00000068   Code   RO          338    i.mpu_set_accel_fsr  inv_mpu.o
    0x08004c14   0x08004c14   0x000000dc   Code   RO          339    i.mpu_set_bypass    inv_mpu.o
    0x08004cf0   0x08004cf0   0x00000078   Code   RO          341    i.mpu_set_dmp_state  inv_mpu.o
    0x08004d68   0x08004d68   0x0000006c   Code   RO          342    i.mpu_set_gyro_fsr  inv_mpu.o
    0x08004dd4   0x08004dd4   0x00000064   Code   RO          343    i.mpu_set_int_latched  inv_mpu.o
    0x08004e38   0x08004e38   0x0000006c   Code   RO          345    i.mpu_set_lpf       inv_mpu.o
    0x08004ea4   0x08004ea4   0x00000080   Code   RO          346    i.mpu_set_sample_rate  inv_mpu.o
    0x08004f24   0x08004f24   0x000000b8   Code   RO          347    i.mpu_set_sensors   inv_mpu.o
    0x08004fdc   0x08004fdc   0x00000054   Code   RO          348    i.mpu_write_mem     inv_mpu.o
    0x08005030   0x08005030   0x00000080   Code   RO          349    i.run_self_test     inv_mpu.o
    0x080050b0   0x080050b0   0x00000058   Code   RO          350    i.set_int_enable    inv_mpu.o
    0x08005108   0x08005108   0x0000004c   Code   RO         4568    i.sqrt              m_ws.l(sqrt.o)
    0x08005154   0x08005154   0x00000062   Code   RO         4442    x$fpl$d2f           fz_ws.l(d2f.o)
    0x080051b6   0x080051b6   0x00000002   PAD
    0x080051b8   0x080051b8   0x00000150   Code   RO         4444    x$fpl$dadd          fz_ws.l(daddsub_clz.o)
    0x08005308   0x08005308   0x00000010   Code   RO         4523    x$fpl$dcheck1       fz_ws.l(dcheck1.o)
    0x08005318   0x08005318   0x00000018   Code   RO         4599    x$fpl$dcmpinf       fz_ws.l(dcmpi.o)
    0x08005330   0x08005330   0x000002b0   Code   RO         4451    x$fpl$ddiv          fz_ws.l(ddiv.o)
    0x080055e0   0x080055e0   0x00000078   Code   RO         4525    x$fpl$deqf          fz_ws.l(deqf.o)
    0x08005658   0x08005658   0x0000005e   Code   RO         4454    x$fpl$dfix          fz_ws.l(dfix.o)
    0x080056b6   0x080056b6   0x0000002e   Code   RO         4459    x$fpl$dflt          fz_ws.l(dflt_clz.o)
    0x080056e4   0x080056e4   0x00000026   Code   RO         4458    x$fpl$dfltu         fz_ws.l(dflt_clz.o)
    0x0800570a   0x0800570a   0x00000002   PAD
    0x0800570c   0x0800570c   0x00000154   Code   RO         4464    x$fpl$dmul          fz_ws.l(dmul.o)
    0x08005860   0x08005860   0x0000009c   Code   RO         4527    x$fpl$dnaninf       fz_ws.l(dnaninf.o)
    0x080058fc   0x080058fc   0x0000000c   Code   RO         4529    x$fpl$dretinf       fz_ws.l(dretinf.o)
    0x08005908   0x08005908   0x00000016   Code   RO         4445    x$fpl$drsb          fz_ws.l(daddsub_clz.o)
    0x0800591e   0x0800591e   0x00000002   PAD
    0x08005920   0x08005920   0x000001cc   Code   RO         4603    x$fpl$dsqrt         fz_ws.l(dsqrt_noumaal.o)
    0x08005aec   0x08005aec   0x000001d4   Code   RO         4446    x$fpl$dsub          fz_ws.l(daddsub_clz.o)
    0x08005cc0   0x08005cc0   0x00000056   Code   RO         4466    x$fpl$f2d           fz_ws.l(f2d.o)
    0x08005d16   0x08005d16   0x00000002   PAD
    0x08005d18   0x08005d18   0x000000c4   Code   RO         4468    x$fpl$fadd          fz_ws.l(faddsub_clz.o)
    0x08005ddc   0x08005ddc   0x0000000c   Code   RO         4531    x$fpl$fcheck1       fz_ws.l(fcheck1.o)
    0x08005de8   0x08005de8   0x00000184   Code   RO         4475    x$fpl$fdiv          fz_ws.l(fdiv.o)
    0x08005f6c   0x08005f6c   0x00000036   Code   RO         4478    x$fpl$ffix          fz_ws.l(ffix.o)
    0x08005fa2   0x08005fa2   0x00000002   PAD
    0x08005fa4   0x08005fa4   0x0000003e   Code   RO         4482    x$fpl$ffixu         fz_ws.l(ffixu.o)
    0x08005fe2   0x08005fe2   0x00000002   PAD
    0x08005fe4   0x08005fe4   0x00000030   Code   RO         4487    x$fpl$fflt          fz_ws.l(fflt_clz.o)
    0x08006014   0x08006014   0x00000026   Code   RO         4486    x$fpl$ffltu         fz_ws.l(fflt_clz.o)
    0x0800603a   0x0800603a   0x00000002   PAD
    0x0800603c   0x0800603c   0x00000102   Code   RO         4492    x$fpl$fmul          fz_ws.l(fmul.o)
    0x0800613e   0x0800613e   0x0000008c   Code   RO         4533    x$fpl$fnaninf       fz_ws.l(fnaninf.o)
    0x080061ca   0x080061ca   0x0000000a   Code   RO         4535    x$fpl$fretinf       fz_ws.l(fretinf.o)
    0x080061d4   0x080061d4   0x000000ea   Code   RO         4470    x$fpl$fsub          fz_ws.l(faddsub_clz.o)
    0x080062be   0x080062be   0x00000064   Code   RO         4605    x$fpl$retnan        fz_ws.l(retnan.o)
    0x08006322   0x08006322   0x0000005c   Code   RO         4494    x$fpl$scalbn        fz_ws.l(scalbn.o)
    0x0800637e   0x0800637e   0x0000004c   Code   RO         4496    x$fpl$scalbnf       fz_ws.l(scalbnf.o)
    0x080063ca   0x080063ca   0x00000030   Code   RO         4622    x$fpl$trapveneer    fz_ws.l(trapv.o)
    0x080063fa   0x080063fa   0x00000000   Code   RO         4537    x$fpl$usenofp       fz_ws.l(usenofp.o)
    0x080063fa   0x080063fa   0x0000001b   Data   RO          352    .constdata          inv_mpu.o
    0x08006415   0x08006415   0x00000001   PAD
    0x08006416   0x08006416   0x0000000c   Data   RO          353    .constdata          inv_mpu.o
    0x08006422   0x08006422   0x00000002   PAD
    0x08006424   0x08006424   0x00000028   Data   RO          354    .constdata          inv_mpu.o
    0x0800644c   0x0800644c   0x00000bf6   Data   RO          867    .constdata          inv_mpu_dmp_motion_driver.o
    0x08007042   0x08007042   0x00000012   Data   RO         2266    .constdata          stm32f1xx_hal_rcc.o
    0x08007054   0x08007054   0x00000010   Data   RO         4393    .constdata          system_stm32f1xx.o
    0x08007064   0x08007064   0x00000008   Data   RO         4394    .constdata          system_stm32f1xx.o
    0x0800706c   0x0800706c   0x00000004   PAD
    0x08007070   0x08007070   0x00000050   Data   RO         4500    .constdata          m_ws.l(asin.o)
    0x080070c0   0x080070c0   0x00000098   Data   RO         4540    .constdata          m_ws.l(atan.o)
    0x08007158   0x08007158   0x00000008   Data   RO         4566    .constdata          m_ws.l(qnan.o)
    0x08007160   0x08007160   0x00000020   Data   RO         4754    Region$$Table       anon$$obj.o


    Execution Region RW_IRAM1 (Exec base: 0x20000000, Load base: 0x08007180, Size: 0x00000950, Max: 0x00005000, ABSOLUTE)

    Exec Addr    Load Addr    Size         Type   Attr      Idx    E Section Name        Object

    0x20000000   0x08007180   0x00000035   Data   RW          355    .data               inv_mpu.o
    0x20000035   0x080071b5   0x00000003   PAD
    0x20000038   0x080071b8   0x00000008   Data   RW         1031    .data               sr04.o
    0x20000040   0x080071c0   0x000000cc   Data   RW         1144    .data               pid.o
    0x2000010c   0x0800728c   0x00000007   Data   RW         1496    .data               stm32f1xx_it.o
    0x20000113   0x08007293   0x00000001   PAD
    0x20000114   0x08007294   0x0000000c   Data   RW         2103    .data               stm32f1xx_hal.o
    0x20000120   0x080072a0   0x00000004   Data   RW         4395    .data               system_stm32f1xx.o
    0x20000124        -       0x00000010   Zero   RW          866    .bss                inv_mpu_dmp_motion_driver.o
    0x20000134        -       0x00000054   Zero   RW         1313    .bss                i2c.o
    0x20000188        -       0x00000120   Zero   RW         1363    .bss                tim.o
    0x200002a8        -       0x00000048   Zero   RW         1445    .bss                usart.o
    0x200002f0        -       0x00000060   Zero   RW         4608    .bss                c_w.l(libspace.o)
    0x20000350        -       0x00000200   Zero   RW            2    HEAP                startup_stm32f103xb.o
    0x20000550        -       0x00000400   Zero   RW            1    STACK               startup_stm32f103xb.o


==============================================================================

Image component sizes


      Code (inc. data)   RO Data    RW Data    ZI Data      Debug   Object Name

        12          0          0          0          0        789   encoder.o
       232         22          0          0          0       1003   gpio.o
       176         30          0          0         84       1677   i2c.o
       556         46          0          0          0       5399   iic.o
      5216        210         79         53          0      29750   inv_mpu.o
      2382        118       3062          0         16      19370   inv_mpu_dmp_motion_driver.o
       230         20          0          0          0       2280   main.o
       124          8          0          0          0        603   motor.o
       640          0          0          0          0     413661   mpu6050.o
         0          0          0          0          0     433608   oled.o
       918         84          0        204          0       4995   pid.o
       104         20          0          8          0        862   sr04.o
        64         26        236          0       1536        812   startup_stm32f103xb.o
       164         28          0         12          0       5933   stm32f1xx_hal.o
       198         14          0          0          0      28959   stm32f1xx_hal_cortex.o
       222          4          0          0          0       1783   stm32f1xx_hal_dma.o
       524         40          0          0          0       4134   stm32f1xx_hal_gpio.o
       392         16          0          0          0       3215   stm32f1xx_hal_i2c.o
        60          8          0          0          0        878   stm32f1xx_hal_msp.o
      1240         84         18          0          0       5136   stm32f1xx_hal_rcc.o
      1748         60          0          0          0      15046   stm32f1xx_hal_tim.o
       188         12          0          0          0       2156   stm32f1xx_hal_tim_ex.o
      1282         10          0          0          0       9414   stm32f1xx_hal_uart.o
       128          8          0          7          0       6100   stm32f1xx_it.o
         2          0         24          4          0       1131   system_stm32f1xx.o
       792         82          0          0        288       5499   tim.o
       184         20          0          0         72       1702   usart.o

    ----------------------------------------------------------------------
     17812        970       3458        292       1996    1005895   Object Totals
         0          0         32          0          0          0   (incl. Generated)
        34          0          7          4          0          0   (incl. Padding)

    ----------------------------------------------------------------------

      Code (inc. data)   RO Data    RW Data    ZI Data      Debug   Library Member Name

         8          0          0          0          0         68   __main.o
         0          0          0          0          0          0   __rtentry.o
        12          0          0          0          0          0   __rtentry2.o
         6          0          0          0          0          0   __rtentry4.o
        52          8          0          0          0          0   __scatter.o
        26          0          0          0          0          0   __scatter_copy.o
        28          0          0          0          0          0   __scatter_zi.o
        22          0          0          0          0        100   _rserrno.o
        16          0          0          0          0         68   aeabi_memset.o
        18          0          0          0          0         80   exit.o
         6          0          0          0          0        152   heapauxi.o
         0          0          0          0          0          0   indicate_semi.o
         2          0          0          0          0          0   libinit.o
         2          0          0          0          0          0   libinit2.o
         2          0          0          0          0          0   libshutdown.o
         2          0          0          0          0          0   libshutdown2.o
         8          4          0          0         96         68   libspace.o
        72          0          0          0          0         76   llsdiv.o
       238          0          0          0          0        100   lludivv7m.o
        88          0          0          0          0         76   memcmp.o
         8          4          0          0          0         68   rt_errno_addr_intlibspace.o
        68          0          0          0          0         68   rt_memclr.o
        78          0          0          0          0         80   rt_memclr_w.o
         2          0          0          0          0          0   rtexit.o
        10          0          0          0          0          0   rtexit2.o
        12          4          0          0          0         68   sys_exit.o
        74          0          0          0          0         80   sys_stackheap_outer.o
         2          0          0          0          0         68   use_no_semi.o
        98          4          0          0          0         92   d2f.o
       826         16          0          0          0        348   daddsub_clz.o
        16          4          0          0          0         68   dcheck1.o
        24          0          0          0          0         68   dcmpi.o
       688        140          0          0          0        208   ddiv.o
       120          4          0          0          0         92   deqf.o
        94          4          0          0          0         92   dfix.o
        84          0          0          0          0        136   dflt_clz.o
       340         12          0          0          0        104   dmul.o
       156          4          0          0          0         92   dnaninf.o
        12          0          0          0          0         68   dretinf.o
       460         56          0          0          0        120   dsqrt_noumaal.o
        86          4          0          0          0         84   f2d.o
       430          8          0          0          0        168   faddsub_clz.o
        12          4          0          0          0         68   fcheck1.o
       388         76          0          0          0         96   fdiv.o
        54          4          0          0          0         84   ffix.o
        62          4          0          0          0         84   ffixu.o
        86          0          0          0          0        136   fflt_clz.o
       258          4          0          0          0         84   fmul.o
       140          4          0          0          0         84   fnaninf.o
        10          0          0          0          0         68   fretinf.o
       100          0          0          0          0         68   retnan.o
        92          0          0          0          0         68   scalbn.o
        76          0          0          0          0         68   scalbnf.o
        48          0          0          0          0         68   trapv.o
         0          0          0          0          0          0   usenofp.o
       624         52         80          0          0        168   asin.o
       544         70        152          0          0        124   atan.o
       412         38          0          0          0        144   atan2.o
        38          6          0          0          0        272   dunder.o
        40          0          0          0          0         68   fpclassify.o
       170          0          0          0          0         96   poly.o
         0          0          8          0          0          0   qnan.o
        76          0          0          0          0         84   sqrt.o

    ----------------------------------------------------------------------
      7546        538        240          0         96       4892   Library Totals
        20          0          0          0          0          0   (incl. Padding)

    ----------------------------------------------------------------------

      Code (inc. data)   RO Data    RW Data    ZI Data      Debug   Library Name

       862         20          0          0         96       1220   c_w.l
      4760        352          0          0          0       2716   fz_ws.l
      1904        166        240          0          0        956   m_ws.l

    ----------------------------------------------------------------------
      7546        538        240          0         96       4892   Library Totals

    ----------------------------------------------------------------------

==============================================================================


      Code (inc. data)   RO Data    RW Data    ZI Data      Debug   

     25358       1508       3698        292       2092     999915   Grand Totals
     25358       1508       3698        292       2092     999915   ELF Image Totals
     25358       1508       3698        292          0          0   ROM Totals

==============================================================================

    Total RO  Size (Code + RO Data)                29056 (  28.38kB)
    Total RW  Size (RW Data + ZI Data)              2384 (   2.33kB)
    Total ROM Size (Code + RO Data + RW Data)      29348 (  28.66kB)

==============================================================================

